Component: ARM Compiler 5.05 update 1 (build 106) Tool: armlink [4d0efa]

==============================================================================

Section Cross References

    main.o(.text) refers to lcd.o(.text) for LCD_Fill
    main.o(.text) refers to delay.o(.text) for delay_ms
    main.o(.text) refers to fdiv.o(x$fpl$fdiv) for __aeabi_fdiv
    main.o(.text) refers to ffixu.o(x$fpl$ffixu) for __aeabi_f2uiz
    main.o(.text) refers to misc.o(.text) for NVIC_PriorityGroupConfig
    main.o(.text) refers to usart.o(.text) for uart_init
    main.o(.text) refers to led.o(.text) for LED_Init
    main.o(.text) refers to adc.o(.text) for TIM2_Configuration
    main.o(.text) refers to stm32f10x_tim.o(.text) for TIM_Cmd
    main.o(.text) refers to stm32f10x_adc.o(.text) for ADC_SoftwareStartConvCmd
    main.o(.text) refers to arm_cfft_radix4_init_f32.o(.text) for arm_cfft_radix4_init_f32
    main.o(.text) refers to rand.o(.emb_text) for rand
    main.o(.text) refers to stm32f10x_dma.o(.text) for DMA_GetFlagStatus
    main.o(.text) refers to fflt_clz.o(x$fpl$ffltu) for __aeabi_ui2f
    main.o(.text) refers to arm_cfft_radix4_f32.o(.text) for arm_cfft_radix4_f32
    main.o(.text) refers to arm_cmplx_mag_f32.o(.text) for arm_cmplx_mag_f32
    main.o(.text) refers to main.o(.bss) for fft_outputbuf
    main.o(.text) refers to main.o(.data) for ADC_TimeOutFlag
    main.o(.text) refers to adc.o(.data) for ADCConvertedValue
    system_stm32f10x.o(.text) refers to system_stm32f10x.o(.data) for SystemCoreClock
    lcd.o(.text) refers to _printf_percent.o(.ARM.Collect$$_printf_percent$$00000000) for _printf_percent
    lcd.o(.text) refers to _printf_x.o(.ARM.Collect$$_printf_percent$$0000000C) for _printf_x
    lcd.o(.text) refers to _printf_hex_int.o(.text) for _printf_longlong_hex
    lcd.o(.text) refers to delay.o(.text) for delay_us
    lcd.o(.text) refers to lcd.o(.bss) for lcddev
    lcd.o(.text) refers to dflt_clz.o(x$fpl$dfltu) for __aeabi_ui2d
    lcd.o(.text) refers to dmul.o(x$fpl$dmul) for __aeabi_dmul
    lcd.o(.text) refers to dfixu.o(x$fpl$dfixu) for __aeabi_d2uiz
    lcd.o(.text) refers to lcd.o(.data) for POINT_COLOR
    lcd.o(.text) refers to stm32f10x_rcc.o(.text) for RCC_APB2PeriphClockCmd
    lcd.o(.text) refers to stm32f10x_gpio.o(.text) for GPIO_PinRemapConfig
    lcd.o(.text) refers to noretval__2printf.o(.text) for __2printf
    lcd.o(.text) refers to lcd.o(.constdata) for asc2_1206
    led.o(.text) refers to stm32f10x_rcc.o(.text) for RCC_APB2PeriphClockCmd
    led.o(.text) refers to stm32f10x_gpio.o(.text) for GPIO_Init
    adc.o(.text) refers to stm32f10x_rcc.o(.text) for RCC_ADCCLKConfig
    adc.o(.text) refers to stm32f10x_gpio.o(.text) for GPIO_Init
    adc.o(.text) refers to stm32f10x_dma.o(.text) for DMA_DeInit
    adc.o(.text) refers to stm32f10x_adc.o(.text) for ADC_Init
    adc.o(.text) refers to stm32f10x_tim.o(.text) for TIM_DeInit
    adc.o(.text) refers to misc.o(.text) for NVIC_Init
    adc.o(.text) refers to adc.o(.data) for ADCConvertedValue
    startup_stm32f10x_hd.o(STACK) refers (Special) to heapauxi.o(.text) for __use_two_region_memory
    startup_stm32f10x_hd.o(HEAP) refers (Special) to heapauxi.o(.text) for __use_two_region_memory
    startup_stm32f10x_hd.o(RESET) refers (Special) to heapauxi.o(.text) for __use_two_region_memory
    startup_stm32f10x_hd.o(RESET) refers to startup_stm32f10x_hd.o(STACK) for __initial_sp
    startup_stm32f10x_hd.o(RESET) refers to startup_stm32f10x_hd.o(.text) for Reset_Handler
    startup_stm32f10x_hd.o(RESET) refers to stm32f10x_it.o(.text) for NMI_Handler
    startup_stm32f10x_hd.o(RESET) refers to main.o(.text) for TIM2_IRQHandler
    startup_stm32f10x_hd.o(RESET) refers to usart.o(.text) for USART1_IRQHandler
    startup_stm32f10x_hd.o(.text) refers (Special) to heapauxi.o(.text) for __use_two_region_memory
    startup_stm32f10x_hd.o(.text) refers to system_stm32f10x.o(.text) for SystemInit
    startup_stm32f10x_hd.o(.text) refers to __main.o(!!!main) for __main
    startup_stm32f10x_hd.o(.text) refers to startup_stm32f10x_hd.o(HEAP) for Heap_Mem
    startup_stm32f10x_hd.o(.text) refers to startup_stm32f10x_hd.o(STACK) for Stack_Mem
    stm32f10x_adc.o(.text) refers to stm32f10x_rcc.o(.text) for RCC_APB2PeriphResetCmd
    stm32f10x_bkp.o(.text) refers to stm32f10x_rcc.o(.text) for RCC_BackupResetCmd
    stm32f10x_can.o(.text) refers to stm32f10x_rcc.o(.text) for RCC_APB1PeriphResetCmd
    stm32f10x_cec.o(.text) refers to stm32f10x_rcc.o(.text) for RCC_APB1PeriphResetCmd
    stm32f10x_dac.o(.text) refers to stm32f10x_rcc.o(.text) for RCC_APB1PeriphResetCmd
    stm32f10x_gpio.o(.text) refers to stm32f10x_rcc.o(.text) for RCC_APB2PeriphResetCmd
    stm32f10x_i2c.o(.text) refers to stm32f10x_rcc.o(.text) for RCC_APB1PeriphResetCmd
    stm32f10x_pwr.o(.text) refers to stm32f10x_rcc.o(.text) for RCC_APB1PeriphResetCmd
[...]
    ..\STM32F10x_FWLib\src\misc.c            0x00000000   Number         0  misc.o ABSOLUTE
    ..\STM32F10x_FWLib\src\stm32f10x_adc.c   0x00000000   Number         0  stm32f10x_adc.o ABSOLUTE
    ..\STM32F10x_FWLib\src\stm32f10x_bkp.c   0x00000000   Number         0  stm32f10x_bkp.o ABSOLUTE
    ..\STM32F10x_FWLib\src\stm32f10x_can.c   0x00000000   Number         0  stm32f10x_can.o ABSOLUTE
    ..\STM32F10x_FWLib\src\stm32f10x_cec.c   0x00000000   Number         0  stm32f10x_cec.o ABSOLUTE
    ..\STM32F10x_FWLib\src\stm32f10x_crc.c   0x00000000   Number         0  stm32f10x_crc.o ABSOLUTE
    ..\STM32F10x_FWLib\src\stm32f10x_dac.c   0x00000000   Number         0  stm32f10x_dac.o ABSOLUTE
    ..\STM32F10x_FWLib\src\stm32f10x_dbgmcu.c 0x00000000   Number         0  stm32f10x_dbgmcu.o ABSOLUTE
    ..\STM32F10x_FWLib\src\stm32f10x_dma.c   0x00000000   Number         0  stm32f10x_dma.o ABSOLUTE
    ..\STM32F10x_FWLib\src\stm32f10x_exti.c  0x00000000   Number         0  stm32f10x_exti.o ABSOLUTE
    ..\STM32F10x_FWLib\src\stm32f10x_flash.c 0x00000000   Number         0  stm32f10x_flash.o ABSOLUTE
    ..\STM32F10x_FWLib\src\stm32f10x_fsmc.c  0x00000000   Number         0  stm32f10x_fsmc.o ABSOLUTE
    ..\STM32F10x_FWLib\src\stm32f10x_gpio.c  0x00000000   Number         0  stm32f10x_gpio.o ABSOLUTE
    ..\STM32F10x_FWLib\src\stm32f10x_i2c.c   0x00000000   Number         0  stm32f10x_i2c.o ABSOLUTE
    ..\STM32F10x_FWLib\src\stm32f10x_iwdg.c  0x00000000   Number         0  stm32f10x_iwdg.o ABSOLUTE
    ..\STM32F10x_FWLib\src\stm32f10x_pwr.c   0x00000000   Number         0  stm32f10x_pwr.o ABSOLUTE
    ..\STM32F10x_FWLib\src\stm32f10x_rcc.c   0x00000000   Number         0  stm32f10x_rcc.o ABSOLUTE
    ..\STM32F10x_FWLib\src\stm32f10x_rtc.c   0x00000000   Number         0  stm32f10x_rtc.o ABSOLUTE
    ..\STM32F10x_FWLib\src\stm32f10x_sdio.c  0x00000000   Number         0  stm32f10x_sdio.o ABSOLUTE
    ..\STM32F10x_FWLib\src\stm32f10x_spi.c   0x00000000   Number         0  stm32f10x_spi.o ABSOLUTE
    ..\STM32F10x_FWLib\src\stm32f10x_tim.c   0x00000000   Number         0  stm32f10x_tim.o ABSOLUTE
    ..\STM32F10x_FWLib\src\stm32f10x_usart.c 0x00000000   Number         0  stm32f10x_usart.o ABSOLUTE
    ..\STM32F10x_FWLib\src\stm32f10x_wwdg.c  0x00000000   Number         0  stm32f10x_wwdg.o ABSOLUTE
    ..\SYSTEM\delay\delay.c                  0x00000000   Number         0  delay.o ABSOLUTE
    ..\SYSTEM\sys\sys.c                      0x00000000   Number         0  sys.o ABSOLUTE
    ..\SYSTEM\usart\usart.c                  0x00000000   Number         0  usart.o ABSOLUTE
    ..\TransformFunctions\arm_bitreversal.c  0x00000000   Number         0  arm_bitreversal.o ABSOLUTE
    ..\TransformFunctions\arm_cfft_radix4_f32.c 0x00000000   Number         0  arm_cfft_radix4_f32.o ABSOLUTE
    ..\TransformFunctions\arm_cfft_radix4_init_f32.c 0x00000000   Number         0  arm_cfft_radix4_init_f32.o ABSOLUTE
    ..\\CORE\\core_cm3.c                     0x00000000   Number         0  core_cm3.o ABSOLUTE
    ..\\CommonTables\\arm_common_tables.c    0x00000000   Number         0  arm_common_tables.o ABSOLUTE
    ..\\ComplexMathFunctions\\arm_cmplx_mag_f32.c 0x00000000   Number         0  arm_cmplx_mag_f32.o ABSOLUTE
    ..\\HARDWARE\\ADC\\adc.c                 0x00000000   Number         0  adc.o ABSOLUTE
    ..\\HARDWARE\\LCD\\lcd.c                 0x00000000   Number         0  lcd.o ABSOLUTE
    ..\\HARDWARE\\LED\\led.c                 0x00000000   Number         0  led.o ABSOLUTE
    ..\\STM32F10x_FWLib\\src\\misc.c         0x00000000   Number         0  misc.o ABSOLUTE
    ..\\STM32F10x_FWLib\\src\\stm32f10x_adc.c 0x00000000   Number         0  stm32f10x_adc.o ABSOLUTE
    ..\\STM32F10x_FWLib\\src\\stm32f10x_bkp.c 0x00000000   Number         0  stm32f10x_bkp.o ABSOLUTE
    ..\\STM32F10x_FWLib\\src\\stm32f10x_can.c 0x00000000   Number         0  stm32f10x_can.o ABSOLUTE
    ..\\STM32F10x_FWLib\\src\\stm32f10x_cec.c 0x00000000   Number         0  stm32f10x_cec.o ABSOLUTE
    ..\\STM32F10x_FWLib\\src\\stm32f10x_crc.c 0x00000000   Number         0  stm32f10x_crc.o ABSOLUTE
    ..\\STM32F10x_FWLib\\src\\stm32f10x_dac.c 0x00000000   Number         0  stm32f10x_dac.o ABSOLUTE
    ..\\STM32F10x_FWLib\\src\\stm32f10x_dbgmcu.c 0x00000000   Number         0  stm32f10x_dbgmcu.o ABSOLUTE
    ..\\STM32F10x_FWLib\\src\\stm32f10x_dma.c 0x00000000   Number         0  stm32f10x_dma.o ABSOLUTE
    ..\\STM32F10x_FWLib\\src\\stm32f10x_exti.c 0x00000000   Number         0  stm32f10x_exti.o ABSOLUTE
    ..\\STM32F10x_FWLib\\src\\stm32f10x_flash.c 0x00000000   Number         0  stm32f10x_flash.o ABSOLUTE
    ..\\STM32F10x_FWLib\\src\\stm32f10x_fsmc.c 0x00000000   Number         0  stm32f10x_fsmc.o ABSOLUTE
    ..\\STM32F10x_FWLib\\src\\stm32f10x_gpio.c 0x00000000   Number         0  stm32f10x_gpio.o ABSOLUTE
    ..\\STM32F10x_FWLib\\src\\stm32f10x_i2c.c 0x00000000   Number         0  stm32f10x_i2c.o ABSOLUTE
    ..\\STM32F10x_FWLib\\src\\stm32f10x_iwdg.c 0x00000000   Number         0  stm32f10x_iwdg.o ABSOLUTE
    ..\\STM32F10x_FWLib\\src\\stm32f10x_pwr.c 0x00000000   Number         0  stm32f10x_pwr.o ABSOLUTE
    ..\\STM32F10x_FWLib\\src\\stm32f10x_rcc.c 0x00000000   Number         0  stm32f10x_rcc.o ABSOLUTE
    ..\\STM32F10x_FWLib\\src\\stm32f10x_rtc.c 0x00000000   Number         0  stm32f10x_rtc.o ABSOLUTE
    ..\\STM32F10x_FWLib\\src\\stm32f10x_sdio.c 0x00000000   Number         0  stm32f10x_sdio.o ABSOLUTE
    ..\\STM32F10x_FWLib\\src\\stm32f10x_spi.c 0x00000000   Number         0  stm32f10x_spi.o ABSOLUTE
    ..\\STM32F10x_FWLib\\src\\stm32f10x_tim.c 0x00000000   Number         0  stm32f10x_tim.o ABSOLUTE
    ..\\STM32F10x_FWLib\\src\\stm32f10x_usart.c 0x00000000   Number         0  stm32f10x_usart.o ABSOLUTE
    ..\\STM32F10x_FWLib\\src\\stm32f10x_wwdg.c 0x00000000   Number         0  stm32f10x_wwdg.o ABSOLUTE
    ..\\SYSTEM\\delay\\delay.c               0x00000000   Number         0  delay.o ABSOLUTE
    ..\\SYSTEM\\sys\\sys.c                   0x00000000   Number         0  sys.o ABSOLUTE
    ..\\SYSTEM\\usart\\usart.c               0x00000000   Number         0  usart.o ABSOLUTE
    ..\\TransformFunctions\\arm_bitreversal.c 0x00000000   Number         0  arm_bitreversal.o ABSOLUTE
    ..\\TransformFunctions\\arm_cfft_radix4_f32.c 0x00000000   Number         0  arm_cfft_radix4_f32.o ABSOLUTE
    ..\\TransformFunctions\\arm_cfft_radix4_init_f32.c 0x00000000   Number         0  arm_cfft_radix4_init_f32.o ABSOLUTE
    dc.s                                     0x00000000   Number         0  dc.o ABSOLUTE
    main.c                                   0x00000000   Number         0  main.o ABSOLUTE
    main.c                                   0x00000000   Number         0  main.o ABSOLUTE
    stm32f10x_it.c                           0x00000000   Number         0  stm32f10x_it.o ABSOLUTE
    stm32f10x_it.c                           0x00000000   Number         0  stm32f10x_it.o ABSOLUTE
    system_stm32f10x.c                       0x00000000   Number         0  system_stm32f10x.o ABSOLUTE
    system_stm32f10x.c                       0x00000000   Number         0  system_stm32f10x.o ABSOLUTE
    RESET                                    0x08000000   Section      304  startup_stm32f10x_hd.o(RESET)
    !!!main                                  0x08000130   Section        8  __main.o(!!!main)
    !!!scatter                               0x08000138   Section       52  __scatter.o(!!!scatter)
    !!handler_copy                           0x0800016c   Section       26  __scatter_copy.o(!!handler_copy)
    !!handler_zi                             0x08000188   Section       28  __scatter_zi.o(!!handler_zi)
    .ARM.Collect$$_printf_percent$$00000000  0x080001a4   Section        0  _printf_percent.o(.ARM.Collect$$_printf_percent$$00000000)
    .ARM.Collect$$_printf_percent$$0000000C  0x080001a4   Section        6  _printf_x.o(.ARM.Collect$$_printf_percent$$0000000C)
    .ARM.Collect$$_printf_percent$$00000017  0x080001aa   Section        4  _printf_percent_end.o(.ARM.Collect$$_printf_percent$$00000017)
    .ARM.Collect$$libinit$$00000000          0x080001ae   Section        2  libinit.o(.ARM.Collect$$libinit$$00000000)
    .ARM.Collect$$libinit$$00000002          0x080001b0   Section        0  libinit2.o(.ARM.Collect$$libinit$$00000002)
    .ARM.Collect$$libinit$$00000004          0x080001b0   Section        0  libinit2.o(.ARM.Collect$$libinit$$00000004)
    .ARM.Collect$$libinit$$0000000A          0x080001b0   Section        0  libinit2.o(.ARM.Collect$$libinit$$0000000A)
    .ARM.Collect$$libinit$$0000000C          0x080001b0   Section        0  libinit2.o(.ARM.Collect$$libinit$$0000000C)
    .ARM.Collect$$libinit$$0000000D          0x080001b0   Section        4  libinit2.o(.ARM.Collect$$libinit$$0000000D)
    .ARM.Collect$$libinit$$0000000E          0x080001b4   Section        0  libinit2.o(.ARM.Collect$$libinit$$0000000E)
    .ARM.Collect$$libinit$$00000011          0x080001b4   Section        0  libinit2.o(.ARM.Collect$$libinit$$00000011)
    .ARM.Collect$$libinit$$00000013          0x080001b4   Section        0  libinit2.o(.ARM.Collect$$libinit$$00000013)
    .ARM.Collect$$libinit$$00000015          0x080001b4   Section        0  libinit2.o(.ARM.Collect$$libinit$$00000015)
    .ARM.Collect$$libinit$$00000017          0x080001b4   Section        0  libinit2.o(.ARM.Collect$$libinit$$00000017)
    .ARM.Collect$$libinit$$00000019          0x080001b4   Section        0  libinit2.o(.ARM.Collect$$libinit$$00000019)
    .ARM.Collect$$libinit$$0000001B          0x080001b4   Section        0  libinit2.o(.ARM.Collect$$libinit$$0000001B)
    .ARM.Collect$$libinit$$0000001D          0x080001b4   Section        0  libinit2.o(.ARM.Collect$$libinit$$0000001D)
    .ARM.Collect$$libinit$$0000001F          0x080001b4   Section        0  libinit2.o(.ARM.Collect$$libinit$$0000001F)
    .ARM.Collect$$libinit$$00000021          0x080001b4   Section        0  libinit2.o(.ARM.Collect$$libinit$$00000021)
    .ARM.Collect$$libinit$$00000023          0x080001b4   Section        0  libinit2.o(.ARM.Collect$$libinit$$00000023)
    .ARM.Collect$$libinit$$00000025          0x080001b4   Section        0  libinit2.o(.ARM.Collect$$libinit$$00000025)
    .ARM.Collect$$libinit$$0000002C          0x080001b4   Section        0  libinit2.o(.ARM.Collect$$libinit$$0000002C)
    .ARM.Collect$$libinit$$0000002E          0x080001b4   Section        0  libinit2.o(.ARM.Collect$$libinit$$0000002E)
    .ARM.Collect$$libinit$$00000030          0x080001b4   Section        0  libinit2.o(.ARM.Collect$$libinit$$00000030)
    .ARM.Collect$$libinit$$00000032          0x080001b4   Section        0  libinit2.o(.ARM.Collect$$libinit$$00000032)
    .ARM.Collect$$libinit$$00000033          0x080001b4   Section        2  libinit2.o(.ARM.Collect$$libinit$$00000033)
    .ARM.Collect$$libshutdown$$00000000      0x080001b6   Section        2  libshutdown.o(.ARM.Collect$$libshutdown$$00000000)
    .ARM.Collect$$libshutdown$$00000003      0x080001b8   Section        0  libshutdown2.o(.ARM.Collect$$libshutdown$$00000003)
    .ARM.Collect$$libshutdown$$00000006      0x080001b8   Section        0  libshutdown2.o(.ARM.Collect$$libshutdown$$00000006)
    .ARM.Collect$$libshutdown$$00000009      0x080001b8   Section        0  libshutdown2.o(.ARM.Collect$$libshutdown$$00000009)
    .ARM.Collect$$libshutdown$$0000000B      0x080001b8   Section        0  libshutdown2.o(.ARM.Collect$$libshutdown$$0000000B)
    .ARM.Collect$$libshutdown$$0000000E      0x080001b8   Section        0  libshutdown2.o(.ARM.Collect$$libshutdown$$0000000E)
    .ARM.Collect$$libshutdown$$0000000F      0x080001b8   Section        2  libshutdown2.o(.ARM.Collect$$libshutdown$$0000000F)
    .ARM.Collect$$rtentry$$00000000          0x080001ba   Section        0  __rtentry.o(.ARM.Collect$$rtentry$$00000000)
    .ARM.Collect$$rtentry$$00000002          0x080001ba   Section        0  __rtentry2.o(.ARM.Collect$$rtentry$$00000002)
    .ARM.Collect$$rtentry$$00000004          0x080001ba   Section        6  __rtentry4.o(.ARM.Collect$$rtentry$$00000004)
    .ARM.Collect$$rtentry$$00000009          0x080001c0   Section        0  __rtentry2.o(.ARM.Collect$$rtentry$$00000009)
    .ARM.Collect$$rtentry$$0000000A          0x080001c0   Section        4  __rtentry2.o(.ARM.Collect$$rtentry$$0000000A)
    .ARM.Collect$$rtentry$$0000000C          0x080001c4   Section        0  __rtentry2.o(.ARM.Collect$$rtentry$$0000000C)
    .ARM.Collect$$rtentry$$0000000D          0x080001c4   Section        8  __rtentry2.o(.ARM.Collect$$rtentry$$0000000D)
    .ARM.Collect$$rtexit$$00000000           0x080001cc   Section        2  rtexit.o(.ARM.Collect$$rtexit$$00000000)
    .ARM.Collect$$rtexit$$00000002           0x080001ce   Section        0  rtexit2.o(.ARM.Collect$$rtexit$$00000002)
    .ARM.Collect$$rtexit$$00000003           0x080001ce   Section        4  rtexit2.o(.ARM.Collect$$rtexit$$00000003)
    .ARM.Collect$$rtexit$$00000004           0x080001d2   Section        6  rtexit2.o(.ARM.Collect$$rtexit$$00000004)
    .emb_text                                0x080001d8   Section       52  rand.o(.emb_text)
    .text                                    0x0800020c   Section        0  main.o(.text)
    .text                                    0x080004dc   Section        0  stm32f10x_it.o(.text)
    .text                                    0x080004f8   Section        0  system_stm32f10x.o(.text)
    SetSysClockTo72                          0x080004f9   Thumb Code   214  system_stm32f10x.o(.text)
    SetSysClock                              0x080005cf   Thumb Code     8  system_stm32f10x.o(.text)
    .text                                    0x080006d8   Section        0  lcd.o(.text)
    .text                                    0x08005f20   Section        0  led.o(.text)
    .text                                    0x08005f70   Section        0  adc.o(.text)
    .text                                    0x080060f4   Section       64  startup_stm32f10x_hd.o(.text)
    .text                                    0x08006134   Section        0  misc.o(.text)
    .text                                    0x08006210   Section        0  stm32f10x_adc.o(.text)
    .text                                    0x08006660   Section        0  stm32f10x_dma.o(.text)
    .text                                    0x080068b4   Section        0  stm32f10x_gpio.o(.text)
    .text                                    0x08006c10   Section        0  stm32f10x_rcc.o(.text)
    .text                                    0x08006fb4   Section        0  stm32f10x_tim.o(.text)
    TI4_Config                               0x0800745b   Thumb Code   130  stm32f10x_tim.o(.text)
    TI3_Config                               0x080074ef   Thumb Code   122  stm32f10x_tim.o(.text)
    TI2_Config                               0x08007583   Thumb Code   130  stm32f10x_tim.o(.text)
    TI1_Config                               0x08007617   Thumb Code   108  stm32f10x_tim.o(.text)
    .text                                    0x08007dd0   Section        0  stm32f10x_usart.o(.text)
    .text                                    0x080081d8   Section        0  delay.o(.text)
    .text                                    0x080082ac   Section        0  usart.o(.text)
    .text                                    0x080083ec   Section        0  arm_cmplx_mag_f32.o(.text)
    .text                                    0x08008520   Section        0  arm_cfft_radix4_f32.o(.text)
    .text                                    0x08009054   Section        0  arm_cfft_radix4_init_f32.o(.text)
    .text                                    0x080090fc   Section        0  arm_bitreversal.o(.text)
    .text                                    0x080092de   Section        2  use_no_semi_2.o(.text)
    .text                                    0x080092e0   Section        0  noretval__2printf.o(.text)
    .text                                    0x080092f8   Section        0  __printf.o(.text)
    .text                                    0x08009360   Section        0  _printf_hex_int.o(.text)
    .text                                    0x080093b8   Section        0  rand.o(.text)
    .text                                    0x080093f4   Section        0  heapauxi.o(.text)
    .text                                    0x080093fa   Section        2  use_no_semi.o(.text)
    .text                                    0x080093fc   Section        0  _rserrno.o(.text)
    .text                                    0x08009412   Section        0  _printf_intcommon.o(.text)
    .text                                    0x080094c4   Section        0  _printf_char_file.o(.text)
    .text                                    0x080094e8   Section        8  rt_errno_addr_intlibspace.o(.text)
    .text                                    0x080094f0   Section        0  _printf_char_common.o(.text)
    _printf_input_char                       0x080094f1   Thumb Code    10  _printf_char_common.o(.text)
    .text                                    0x08009520   Section        0  ferror.o(.text)
    .text                                    0x08009528   Section        8  libspace.o(.text)
    .text                                    0x08009530   Section       74  sys_stackheap_outer.o(.text)
    .text                                    0x0800957a   Section        0  exit.o(.text)
    i.sqrtf                                  0x08009586   Section        0  sqrtf.o(i.sqrtf)
    x$fpl$dfixu                              0x080095b4   Section       90  dfixu.o(x$fpl$dfixu)
    x$fpl$dfltu                              0x0800960e   Section       38  dflt_clz.o(x$fpl$dfltu)
    x$fpl$dmul                               0x08009634   Section      340  dmul.o(x$fpl$dmul)
    x$fpl$dnaninf                            0x08009788   Section      156  dnaninf.o(x$fpl$dnaninf)
    x$fpl$dretinf                            0x08009824   Section       12  dretinf.o(x$fpl$dretinf)
    x$fpl$fadd                               0x08009830   Section      196  faddsub_clz.o(x$fpl$fadd)
    _fadd1                                   0x0800983f   Thumb Code     0  faddsub_clz.o(x$fpl$fadd)
    x$fpl$fdiv                               0x080098f4   Section      388  fdiv.o(x$fpl$fdiv)
    _fdiv1                                   0x080098f5   Thumb Code     0  fdiv.o(x$fpl$fdiv)
    x$fpl$ffixu                              0x08009a78   Section       62  ffixu.o(x$fpl$ffixu)
    x$fpl$ffltu                              0x08009ab8   Section       38  fflt_clz.o(x$fpl$ffltu)
    x$fpl$fmul                               0x08009ae0   Section      258  fmul.o(x$fpl$fmul)
    x$fpl$fnaninf                            0x08009be2   Section      140  fnaninf.o(x$fpl$fnaninf)
    x$fpl$fretinf                            0x08009c6e   Section       10  fretinf.o(x$fpl$fretinf)
    x$fpl$fsqrt                              0x08009c78   Section      272  fsqrt.o(x$fpl$fsqrt)
    x$fpl$fsub                               0x08009d88   Section      234  faddsub_clz.o(x$fpl$fsub)
    _fsub1                                   0x08009d97   Thumb Code     0  faddsub_clz.o(x$fpl$fsub)
    .constdata                               0x08009e72   Section     6080  lcd.o(.constdata)
    x$fpl$usenofp                            0x08009e72   Section        0  usenofp.o(x$fpl$usenofp)
    .constdata                               0x0800b632   Section     2048  arm_common_tables.o(.constdata)
    .constdata                               0x0800be34   Section    32768  arm_common_tables.o(.constdata)
    .constdata                               0x08013e34   Section       40  _printf_hex_int.o(.constdata)
    uc_hextab                                0x08013e34   Data          20  _printf_hex_int.o(.constdata)
    lc_hextab                                0x08013e48   Data          20  _printf_hex_int.o(.constdata)
    .data                                    0x20000000   Section        5  main.o(.data)
    .data                                    0x20000008   Section       20  system_stm32f10x.o(.data)
    .data                                    0x2000001c   Section        4  lcd.o(.data)
    .data                                    0x20000020   Section        2  adc.o(.data)
    .data                                    0x20000022   Section       20  stm32f10x_rcc.o(.data)
    APBAHBPrescTable                         0x20000022   Data          16  stm32f10x_rcc.o(.data)
    ADCPrescTable                            0x20000032   Data           4  stm32f10x_rcc.o(.data)
    .data                                    0x20000036   Section        4  delay.o(.data)
    fac_us                                   0x20000036   Data           1  delay.o(.data)
    fac_ms                                   0x20000038   Data           2  delay.o(.data)
    .data                                    0x2000003c   Section        6  usart.o(.data)
    .bss                                     0x20000044   Section     4166  main.o(.bss)
    .bss                                     0x2000108a   Section       14  lcd.o(.bss)
    .bss                                     0x20001098   Section      200  usart.o(.bss)
    .bss                                     0x20001160   Section      228  rand.o(.bss)
    .bss                                     0x20001244   Section       96  libspace.o(.bss)
    HEAP                                     0x200012a8   Section      512  startup_stm32f10x_hd.o(HEAP)
    Heap_Mem                                 0x200012a8   Data         512  startup_stm32f10x_hd.o(HEAP)
    STACK                                    0x200014a8   Section     1024  startup_stm32f10x_hd.o(STACK)
    Stack_Mem                                0x200014a8   Data        1024  startup_stm32f10x_hd.o(STACK)
    __initial_sp                             0x200018a8   Data           0  startup_stm32f10x_hd.o(STACK)

    Global Symbols

    Symbol Name                              Value     Ov Type        Size  Object(Section)

    BuildAttributes$$THM_ISAv4$P$D$K$B$S$PE$A:L22UL41UL21$X:L11$S22US41US21$IEEE1$IW$USESV6$~STKCKD$USESV7$~SHL$OTIME$ROPI$IEEEJ$EBA8$UX$STANDARDLIB$REQ8$PRES8$EABIv2 0x00000000   Number         0  anon$$obj.o ABSOLUTE
    __ARM_use_no_argv                        0x00000000   Number         0  main.o ABSOLUTE
    __ARM_exceptions_init                     - Undefined Weak Reference
    __alloca_initialize                       - Undefined Weak Reference
    __arm_preinit_                            - Undefined Weak Reference
    __cpp_initialize__aeabi_                  - Undefined Weak Reference
    __cxa_finalize                            - Undefined Weak Reference
    __rt_locale                               - Undefined Weak Reference
    __sigvec_lookup                           - Undefined Weak Reference
    _atexit_init                              - Undefined Weak Reference
    _call_atexit_fns                          - Undefined Weak Reference
    _clock_init                               - Undefined Weak Reference
    _fp_trap_init                             - Undefined Weak Reference
    _fp_trap_shutdown                         - Undefined Weak Reference
    _get_lc_collate                           - Undefined Weak Reference
    _get_lc_ctype                             - Undefined Weak Reference
    _get_lc_monetary                          - Undefined Weak Reference
    _get_lc_numeric                           - Undefined Weak Reference
    _get_lc_time                              - Undefined Weak Reference
    _getenv_init                              - Undefined Weak Reference
    _handle_redirection                       - Undefined Weak Reference
    _init_alloc                               - Undefined Weak Reference
    _init_user_alloc                          - Undefined Weak Reference
    _initio                                   - Undefined Weak Reference
    _mutex_acquire                            - Undefined Weak Reference
    _mutex_release                            - Undefined Weak Reference
    _printf_post_padding                      - Undefined Weak Reference
    _printf_pre_padding                       - Undefined Weak Reference
    _printf_truncate_unsigned                 - Undefined Weak Reference
    _signal_finish                            - Undefined Weak Reference
    _signal_init                              - Undefined Weak Reference
    _terminate_alloc                          - Undefined Weak Reference
    _terminate_user_alloc                     - Undefined Weak Reference
    _terminateio                              - Undefined Weak Reference
    __Vectors_Size                           0x00000130   Number         0  startup_stm32f10x_hd.o ABSOLUTE
    __Vectors                                0x08000000   Data           4  startup_stm32f10x_hd.o(RESET)
    __Vectors_End                            0x08000130   Data           0  startup_stm32f10x_hd.o(RESET)
    __main                                   0x08000131   Thumb Code     8  __main.o(!!!main)
    __scatterload                            0x08000139   Thumb Code     0  __scatter.o(!!!scatter)
    __scatterload_rt2                        0x08000139   Thumb Code    44  __scatter.o(!!!scatter)
    __scatterload_rt2_thumb_only             0x08000139   Thumb Code     0  __scatter.o(!!!scatter)
    __scatterload_null                       0x08000147   Thumb Code     0  __scatter.o(!!!scatter)
    __scatterload_copy                       0x0800016d   Thumb Code    26  __scatter_copy.o(!!handler_copy)
    __scatterload_zeroinit                   0x08000189   Thumb Code    28  __scatter_zi.o(!!handler_zi)
    _printf_percent                          0x080001a5   Thumb Code     0  _printf_percent.o(.ARM.Collect$$_printf_percent$$00000000)
    _printf_x                                0x080001a5   Thumb Code     0  _printf_x.o(.ARM.Collect$$_printf_percent$$0000000C)
    _printf_percent_end                      0x080001ab   Thumb Code     0  _printf_percent_end.o(.ARM.Collect$$_printf_percent$$00000017)
    __rt_lib_init                            0x080001af   Thumb Code     0  libinit.o(.ARM.Collect$$libinit$$00000000)
    __rt_lib_init_fp_1                       0x080001b1   Thumb Code     0  libinit2.o(.ARM.Collect$$libinit$$00000002)
    __rt_lib_init_heap_1                     0x080001b1   Thumb Code     0  libinit2.o(.ARM.Collect$$libinit$$0000000A)
    __rt_lib_init_preinit_1                  0x080001b1   Thumb Code     0  libinit2.o(.ARM.Collect$$libinit$$00000004)
    __rt_lib_init_rand_2                     0x080001b1   Thumb Code     0  libinit2.o(.ARM.Collect$$libinit$$0000000D)
    __rt_lib_init_user_alloc_1               0x080001b1   Thumb Code     0  libinit2.o(.ARM.Collect$$libinit$$0000000C)
    __rt_lib_init_alloca_1                   0x080001b5   Thumb Code     0  libinit2.o(.ARM.Collect$$libinit$$0000002E)
    __rt_lib_init_argv_1                     0x080001b5   Thumb Code     0  libinit2.o(.ARM.Collect$$libinit$$0000002C)
    __rt_lib_init_atexit_1                   0x080001b5   Thumb Code     0  libinit2.o(.ARM.Collect$$libinit$$0000001B)
    __rt_lib_init_clock_1                    0x080001b5   Thumb Code     0  libinit2.o(.ARM.Collect$$libinit$$00000021)
    __rt_lib_init_cpp_1                      0x080001b5   Thumb Code     0  libinit2.o(.ARM.Collect$$libinit$$00000032)
    __rt_lib_init_exceptions_1               0x080001b5   Thumb Code     0  libinit2.o(.ARM.Collect$$libinit$$00000030)
    __rt_lib_init_fp_trap_1                  0x080001b5   Thumb Code     0  libinit2.o(.ARM.Collect$$libinit$$0000001F)
    __rt_lib_init_getenv_1                   0x080001b5   Thumb Code     0  libinit2.o(.ARM.Collect$$libinit$$00000023)
    __rt_lib_init_lc_collate_1               0x080001b5   Thumb Code     0  libinit2.o(.ARM.Collect$$libinit$$00000011)
    __rt_lib_init_lc_ctype_1                 0x080001b5   Thumb Code     0  libinit2.o(.ARM.Collect$$libinit$$00000013)
    __rt_lib_init_lc_monetary_1              0x080001b5   Thumb Code     0  libinit2.o(.ARM.Collect$$libinit$$00000015)
    __rt_lib_init_lc_numeric_1               0x080001b5   Thumb Code     0  libinit2.o(.ARM.Collect$$libinit$$00000017)
    __rt_lib_init_lc_time_1                  0x080001b5   Thumb Code     0  libinit2.o(.ARM.Collect$$libinit$$00000019)
    __rt_lib_init_rand_1                     0x080001b5   Thumb Code     0  libinit2.o(.ARM.Collect$$libinit$$0000000E)
    __rt_lib_init_return                     0x080001b5   Thumb Code     0  libinit2.o(.ARM.Collect$$libinit$$00000033)
    __rt_lib_init_signal_1                   0x080001b5   Thumb Code     0  libinit2.o(.ARM.Collect$$libinit$$0000001D)
    __rt_lib_init_stdio_1                    0x080001b5   Thumb Code     0  libinit2.o(.ARM.Collect$$libinit$$00000025)
    __rt_lib_shutdown                        0x080001b7   Thumb Code     0  libshutdown.o(.ARM.Collect$$libshutdown$$00000000)
    __rt_lib_shutdown_fp_trap_1              0x080001b9   Thumb Code     0  libshutdown2.o(.ARM.Collect$$libshutdown$$00000006)
    __rt_lib_shutdown_heap_1                 0x080001b9   Thumb Code     0  libshutdown2.o(.ARM.Collect$$libshutdown$$0000000E)
    __rt_lib_shutdown_return                 0x080001b9   Thumb Code     0  libshutdown2.o(.ARM.Collect$$libshutdown$$0000000F)
    __rt_lib_shutdown_signal_1               0x080001b9   Thumb Code     0  libshutdown2.o(.ARM.Collect$$libshutdown$$00000009)
    __rt_lib_shutdown_stdio_1                0x080001b9   Thumb Code     0  libshutdown2.o(.ARM.Collect$$libshutdown$$00000003)
    __rt_lib_shutdown_user_alloc_1           0x080001b9   Thumb Code     0  libshutdown2.o(.ARM.Collect$$libshutdown$$0000000B)
    __rt_entry                               0x080001bb   Thumb Code     0  __rtentry.o(.ARM.Collect$$rtentry$$00000000)
    __rt_entry_presh_1                       0x080001bb   Thumb Code     0  __rtentry2.o(.ARM.Collect$$rtentry$$00000002)
    __rt_entry_sh                            0x080001bb   Thumb Code     0  __rtentry4.o(.ARM.Collect$$rtentry$$00000004)
    __rt_entry_li                            0x080001c1   Thumb Code     0  __rtentry2.o(.ARM.Collect$$rtentry$$0000000A)
    __rt_entry_postsh_1                      0x080001c1   Thumb Code     0  __rtentry2.o(.ARM.Collect$$rtentry$$00000009)
    __rt_entry_main                          0x080001c5   Thumb Code     0  __rtentry2.o(.ARM.Collect$$rtentry$$0000000D)
    __rt_entry_postli_1                      0x080001c5   Thumb Code     0  __rtentry2.o(.ARM.Collect$$rtentry$$0000000C)
    __rt_exit                                0x080001cd   Thumb Code     0  rtexit.o(.ARM.Collect$$rtexit$$00000000)
    __rt_exit_ls                             0x080001cf   Thumb Code     0  rtexit2.o(.ARM.Collect$$rtexit$$00000003)
    __rt_exit_prels_1                        0x080001cf   Thumb Code     0  rtexit2.o(.ARM.Collect$$rtexit$$00000002)
    __rt_exit_exit                           0x080001d3   Thumb Code     0  rtexit2.o(.ARM.Collect$$rtexit$$00000004)
    rand                                     0x080001d9   Thumb Code    48  rand.o(.emb_text)
    block_drop                               0x0800020d   Thumb Code   172  main.o(.text)
    display                                  0x080002b9   Thumb Code   170  main.o(.text)
    main                                     0x08000363   Thumb Code   296  main.o(.text)
    TIM2_IRQHandler                          0x0800048b   Thumb Code    30  main.o(.text)
    NMI_Handler                              0x080004dd   Thumb Code     2  stm32f10x_it.o(.text)
    HardFault_Handler                        0x080004df   Thumb Code     4  stm32f10x_it.o(.text)
    MemManage_Handler                        0x080004e3   Thumb Code     4  stm32f10x_it.o(.text)
    BusFault_Handler                         0x080004e7   Thumb Code     4  stm32f10x_it.o(.text)
    UsageFault_Handler                       0x080004eb   Thumb Code     4  stm32f10x_it.o(.text)
    SVC_Handler                              0x080004ef   Thumb Code     2  stm32f10x_it.o(.text)
    DebugMon_Handler                         0x080004f1   Thumb Code     2  stm32f10x_it.o(.text)
    PendSV_Handler                           0x080004f3   Thumb Code     2  stm32f10x_it.o(.text)
    SysTick_Handler                          0x080004f5   Thumb Code     2  stm32f10x_it.o(.text)
    SystemInit                               0x080005d7   Thumb Code    78  system_stm32f10x.o(.text)
    SystemCoreClockUpdate                    0x08000625   Thumb Code   142  system_stm32f10x.o(.text)
    LCD_WR_REG                               0x080006d9   Thumb Code    28  lcd.o(.text)
    LCD_WR_DATAX                             0x080006f5   Thumb Code    28  lcd.o(.text)
    LCD_RD_DATA                              0x08000711   Thumb Code    98  lcd.o(.text)
    LCD_WriteReg                             0x08000773   Thumb Code    40  lcd.o(.text)
    LCD_ReadReg                              0x0800079b   Thumb Code    16  lcd.o(.text)
    LCD_WriteRAM_Prepare                     0x080007ab   Thumb Code    12  lcd.o(.text)
    LCD_WriteRAM                             0x080007b7   Thumb Code    28  lcd.o(.text)
    LCD_BGR2RGB                              0x080007d3   Thumb Code    26  lcd.o(.text)
    opt_delay                                0x080007ed   Thumb Code    14  lcd.o(.text)
    LCD_SetCursor                            0x080007fb   Thumb Code   956  lcd.o(.text)
    LCD_ReadPoint                            0x08000bb7   Thumb Code   506  lcd.o(.text)
    LCD_DisplayOn                            0x08000db1   Thumb Code    92  lcd.o(.text)
    LCD_DisplayOff                           0x08000e0d   Thumb Code    90  lcd.o(.text)
    LCD_Scan_Dir                             0x08000e67   Thumb Code  1126  lcd.o(.text)
    LCD_DrawPoint                            0x080012cd   Thumb Code    52  lcd.o(.text)
    LCD_Fast_DrawPoint                       0x08001301   Thumb Code   854  lcd.o(.text)
    LCD_SSD_BackLightSet                     0x08001657   Thumb Code   220  lcd.o(.text)
    LCD_Display_Dir                          0x08001733   Thumb Code   444  lcd.o(.text)
    LCD_Set_Window                           0x080018ef   Thumb Code  1078  lcd.o(.text)
    LCD_Clear                                0x08001d25   Thumb Code   122  lcd.o(.text)
    LCD_Init                                 0x08001d9f   Thumb Code 15298  lcd.o(.text)
    LCD_Fill                                 0x08005961   Thumb Code   200  lcd.o(.text)
    LCD_Color_Fill                           0x08005a29   Thumb Code   116  lcd.o(.text)
    LCD_DrawLine                             0x08005a9d   Thumb Code   176  lcd.o(.text)
    LCD_DrawRectangle                        0x08005b4d   Thumb Code    60  lcd.o(.text)
    LCD_Draw_Circle                          0x08005b89   Thumb Code   152  lcd.o(.text)
    LCD_ShowChar                             0x08005c21   Thumb Code   272  lcd.o(.text)
    LCD_Pow                                  0x08005d31   Thumb Code    22  lcd.o(.text)
    LCD_ShowNum                              0x08005d47   Thumb Code   180  lcd.o(.text)
    LCD_ShowxNum                             0x08005dfb   Thumb Code   190  lcd.o(.text)
    LCD_ShowString                           0x08005eb9   Thumb Code   102  lcd.o(.text)
    LED_Init                                 0x08005f21   Thumb Code    72  led.o(.text)
    FFT_RCC_Configuration                    0x08005f71   Thumb Code    30  adc.o(.text)
    FFT_GPIO_Configuration                   0x08005f8f   Thumb Code    24  adc.o(.text)
    FFT_DMA_Init                             0x08005fa7   Thumb Code    74  adc.o(.text)
    FFT_ADC_Init                             0x08005ff1   Thumb Code   134  adc.o(.text)
    TIM2_Configuration                       0x08006077   Thumb Code    78  adc.o(.text)
    TIM2_NVIC_Configuration                  0x080060c5   Thumb Code    32  adc.o(.text)
    Reset_Handler                            0x080060f5   Thumb Code     8  startup_stm32f10x_hd.o(.text)
    ADC1_2_IRQHandler                        0x0800610f   Thumb Code     0  startup_stm32f10x_hd.o(.text)
    ADC3_IRQHandler                          0x0800610f   Thumb Code     0  startup_stm32f10x_hd.o(.text)
    CAN1_RX1_IRQHandler                      0x0800610f   Thumb Code     0  startup_stm32f10x_hd.o(.text)
    CAN1_SCE_IRQHandler                      0x0800610f   Thumb Code     0  startup_stm32f10x_hd.o(.text)
    DMA1_Channel1_IRQHandler                 0x0800610f   Thumb Code     0  startup_stm32f10x_hd.o(.text)
    DMA1_Channel2_IRQHandler                 0x0800610f   Thumb Code     0  startup_stm32f10x_hd.o(.text)
    DMA1_Channel3_IRQHandler                 0x0800610f   Thumb Code     0  startup_stm32f10x_hd.o(.text)
    DMA1_Channel4_IRQHandler                 0x0800610f   Thumb Code     0  startup_stm32f10x_hd.o(.text)
    DMA1_Channel5_IRQHandler                 0x0800610f   Thumb Code     0  startup_stm32f10x_hd.o(.text)
    DMA1_Channel6_IRQHandler                 0x0800610f   Thumb Code     0  startup_stm32f10x_hd.o(.text)
    DMA1_Channel7_IRQHandler                 0x0800610f   Thumb Code     0  startup_stm32f10x_hd.o(.text)
    DMA2_Channel1_IRQHandler                 0x0800610f   Thumb Code     0  startup_stm32f10x_hd.o(.text)
    DMA2_Channel2_IRQHandler                 0x0800610f   Thumb Code     0  startup_stm32f10x_hd.o(.text)
    DMA2_Channel3_IRQHandler                 0x0800610f   Thumb Code     0  startup_stm32f10x_hd.o(.text)
    DMA2_Channel4_5_IRQHandler               0x0800610f   Thumb Code     0  startup_stm32f10x_hd.o(.text)
    EXTI0_IRQHandler                         0x0800610f   Thumb Code     0  startup_stm32f10x_hd.o(.text)
    EXTI15_10_IRQHandler                     0x0800610f   Thumb Code     0  startup_stm32f10x_hd.o(.text)
    EXTI1_IRQHandler                         0x0800610f   Thumb Code     0  startup_stm32f10x_hd.o(.text)
    EXTI2_IRQHandler                         0x0800610f   Thumb Code     0  startup_stm32f10x_hd.o(.text)
    EXTI3_IRQHandler                         0x0800610f   Thumb Code     0  startup_stm32f10x_hd.o(.text)
    EXTI4_IRQHandler                         0x0800610f   Thumb Code     0  startup_stm32f10x_hd.o(.text)
    EXTI9_5_IRQHandler                       0x0800610f   Thumb Code     0  startup_stm32f10x_hd.o(.text)
    FLASH_IRQHandler                         0x0800610f   Thumb Code     0  startup_stm32f10x_hd.o(.text)
    FSMC_IRQHandler                          0x0800610f   Thumb Code     0  startup_stm32f10x_hd.o(.text)
    I2C1_ER_IRQHandler                       0x0800610f   Thumb Code     0  startup_stm32f10x_hd.o(.text)
    I2C1_EV_IRQHandler                       0x0800610f   Thumb Code     0  startup_stm32f10x_hd.o(.text)
    I2C2_ER_IRQHandler                       0x0800610f   Thumb Code     0  startup_stm32f10x_hd.o(.text)
    I2C2_EV_IRQHandler                       0x0800610f   Thumb Code     0  startup_stm32f10x_hd.o(.text)
    PVD_IRQHandler                           0x0800610f   Thumb Code     0  startup_stm32f10x_hd.o(.text)
    RCC_IRQHandler                           0x0800610f   Thumb Code     0  startup_stm32f10x_hd.o(.text)
    RTCAlarm_IRQHandler                      0x0800610f   Thumb Code     0  startup_stm32f10x_hd.o(.text)
    RTC_IRQHandler                           0x0800610f   Thumb Code     0  startup_stm32f10x_hd.o(.text)
    SDIO_IRQHandler                          0x0800610f   Thumb Code     0  startup_stm32f10x_hd.o(.text)
    SPI1_IRQHandler                          0x0800610f   Thumb Code     0  startup_stm32f10x_hd.o(.text)
    SPI2_IRQHandler                          0x0800610f   Thumb Code     0  startup_stm32f10x_hd.o(.text)
    SPI3_IRQHandler                          0x0800610f   Thumb Code     0  startup_stm32f10x_hd.o(.text)
    TAMPER_IRQHandler                        0x0800610f   Thumb Code     0  startup_stm32f10x_hd.o(.text)
    TIM1_BRK_IRQHandler                      0x0800610f   Thumb Code     0  startup_stm32f10x_hd.o(.text)
    TIM1_CC_IRQHandler                       0x0800610f   Thumb Code     0  startup_stm32f10x_hd.o(.text)
    TIM1_TRG_COM_IRQHandler                  0x0800610f   Thumb Code     0  startup_stm32f10x_hd.o(.text)
    TIM1_UP_IRQHandler                       0x0800610f   Thumb Code     0  startup_stm32f10x_hd.o(.text)
    TIM3_IRQHandler                          0x0800610f   Thumb Code     0  startup_stm32f10x_hd.o(.text)
    TIM4_IRQHandler                          0x0800610f   Thumb Code     0  startup_stm32f10x_hd.o(.text)
    TIM5_IRQHandler                          0x0800610f   Thumb Code     0  startup_stm32f10x_hd.o(.text)
    TIM6_IRQHandler                          0x0800610f   Thumb Code     0  startup_stm32f10x_hd.o(.text)
    TIM7_IRQHandler                          0x0800610f   Thumb Code     0  startup_stm32f10x_hd.o(.text)
    TIM8_BRK_IRQHandler                      0x0800610f   Thumb Code     0  startup_stm32f10x_hd.o(.text)
    TIM8_CC_IRQHandler                       0x0800610f   Thumb Code     0  startup_stm32f10x_hd.o(.text)
    TIM8_TRG_COM_IRQHandler                  0x0800610f   Thumb Code     0  startup_stm32f10x_hd.o(.text)
    TIM8_UP_IRQHandler                       0x0800610f   Thumb Code     0  startup_stm32f10x_hd.o(.text)
    UART4_IRQHandler                         0x0800610f   Thumb Code     0  startup_stm32f10x_hd.o(.text)
    UART5_IRQHandler                         0x0800610f   Thumb Code     0  startup_stm32f10x_hd.o(.text)
    USART2_IRQHandler                        0x0800610f   Thumb Code     0  startup_stm32f10x_hd.o(.text)
    USART3_IRQHandler                        0x0800610f   Thumb Code     0  startup_stm32f10x_hd.o(.text)
    USBWakeUp_IRQHandler                     0x0800610f   Thumb Code     0  startup_stm32f10x_hd.o(.text)
    USB_HP_CAN1_TX_IRQHandler                0x0800610f   Thumb Code     0  startup_stm32f10x_hd.o(.text)
    USB_LP_CAN1_RX0_IRQHandler               0x0800610f   Thumb Code     0  startup_stm32f10x_hd.o(.text)
    WWDG_IRQHandler                          0x0800610f   Thumb Code     0  startup_stm32f10x_hd.o(.text)
    __user_initial_stackheap                 0x08006111   Thumb Code     0  startup_stm32f10x_hd.o(.text)
    NVIC_PriorityGroupConfig                 0x08006135   Thumb Code    10  misc.o(.text)
    NVIC_Init                                0x0800613f   Thumb Code   100  misc.o(.text)
    NVIC_SetVectorTable                      0x080061a3   Thumb Code    14  misc.o(.text)
    NVIC_SystemLPConfig                      0x080061b1   Thumb Code    34  misc.o(.text)
    SysTick_CLKSourceConfig                  0x080061d3   Thumb Code    40  misc.o(.text)
    ADC_DeInit                               0x08006211   Thumb Code    78  stm32f10x_adc.o(.text)
    ADC_Init                                 0x0800625f   Thumb Code    70  stm32f10x_adc.o(.text)
    ADC_StructInit                           0x080062a5   Thumb Code    18  stm32f10x_adc.o(.text)
    ADC_Cmd                                  0x080062b7   Thumb Code    22  stm32f10x_adc.o(.text)
    ADC_DMACmd                               0x080062cd   Thumb Code    22  stm32f10x_adc.o(.text)
    ADC_ITConfig                             0x080062e3   Thumb Code    24  stm32f10x_adc.o(.text)
    ADC_ResetCalibration                     0x080062fb   Thumb Code    10  stm32f10x_adc.o(.text)
    ADC_GetResetCalibrationStatus            0x08006305   Thumb Code    20  stm32f10x_adc.o(.text)
    ADC_StartCalibration                     0x08006319   Thumb Code    10  stm32f10x_adc.o(.text)
    ADC_GetCalibrationStatus                 0x08006323   Thumb Code    20  stm32f10x_adc.o(.text)
    ADC_SoftwareStartConvCmd                 0x08006337   Thumb Code    22  stm32f10x_adc.o(.text)
    ADC_GetSoftwareStartConvStatus           0x0800634d   Thumb Code    20  stm32f10x_adc.o(.text)
    ADC_DiscModeChannelCountConfig           0x08006361   Thumb Code    24  stm32f10x_adc.o(.text)
    ADC_DiscModeCmd                          0x08006379   Thumb Code    22  stm32f10x_adc.o(.text)
    ADC_RegularChannelConfig                 0x0800638f   Thumb Code   184  stm32f10x_adc.o(.text)
    ADC_ExternalTrigConvCmd                  0x08006447   Thumb Code    22  stm32f10x_adc.o(.text)
    ADC_GetConversionValue                   0x0800645d   Thumb Code     8  stm32f10x_adc.o(.text)
    ADC_GetDualModeConversionValue           0x08006465   Thumb Code     8  stm32f10x_adc.o(.text)
    ADC_AutoInjectedConvCmd                  0x0800646d   Thumb Code    22  stm32f10x_adc.o(.text)
    ADC_InjectedDiscModeCmd                  0x08006483   Thumb Code    22  stm32f10x_adc.o(.text)
    ADC_ExternalTrigInjectedConvConfig       0x08006499   Thumb Code    16  stm32f10x_adc.o(.text)
    ADC_ExternalTrigInjectedConvCmd          0x080064a9   Thumb Code    22  stm32f10x_adc.o(.text)
    ADC_SoftwareStartInjectedConvCmd         0x080064bf   Thumb Code    22  stm32f10x_adc.o(.text)
    ADC_GetSoftwareStartInjectedConvCmdStatus 0x080064d5   Thumb Code    20  stm32f10x_adc.o(.text)
    ADC_InjectedChannelConfig                0x080064e9   Thumb Code   130  stm32f10x_adc.o(.text)
    ADC_InjectedSequencerLengthConfig        0x0800656b   Thumb Code    24  stm32f10x_adc.o(.text)
    ADC_SetInjectedOffset                    0x08006583   Thumb Code    20  stm32f10x_adc.o(.text)
    ADC_GetInjectedConversionValue           0x08006597   Thumb Code    28  stm32f10x_adc.o(.text)
    ADC_AnalogWatchdogCmd                    0x080065b3   Thumb Code    16  stm32f10x_adc.o(.text)
    ADC_AnalogWatchdogThresholdsConfig       0x080065c3   Thumb Code     6  stm32f10x_adc.o(.text)
    ADC_AnalogWatchdogSingleChannelConfig    0x080065c9   Thumb Code    16  stm32f10x_adc.o(.text)
    ADC_TempSensorVrefintCmd                 0x080065d9   Thumb Code    64  stm32f10x_adc.o(.text)
    ADC_GetFlagStatus                        0x08006619   Thumb Code    18  stm32f10x_adc.o(.text)
    ADC_ClearFlag                            0x0800662b   Thumb Code     6  stm32f10x_adc.o(.text)
    ADC_GetITStatus                          0x08006631   Thumb Code    36  stm32f10x_adc.o(.text)
    ADC_ClearITPendingBit                    0x08006655   Thumb Code    10  stm32f10x_adc.o(.text)
    DMA_DeInit                               0x08006661   Thumb Code   324  stm32f10x_dma.o(.text)
    DMA_Init                                 0x080067a5   Thumb Code    60  stm32f10x_dma.o(.text)
    DMA_StructInit                           0x080067e1   Thumb Code    26  stm32f10x_dma.o(.text)
    DMA_Cmd                                  0x080067fb   Thumb Code    24  stm32f10x_dma.o(.text)
    DMA_ITConfig                             0x08006813   Thumb Code    18  stm32f10x_dma.o(.text)
    DMA_SetCurrDataCounter                   0x08006825   Thumb Code     4  stm32f10x_dma.o(.text)
    DMA_GetCurrDataCounter                   0x08006829   Thumb Code     8  stm32f10x_dma.o(.text)
    DMA_GetFlagStatus                        0x08006831   Thumb Code    40  stm32f10x_dma.o(.text)
    DMA_ClearFlag                            0x08006859   Thumb Code    22  stm32f10x_dma.o(.text)
    DMA_GetITStatus                          0x0800686f   Thumb Code    40  stm32f10x_dma.o(.text)
    DMA_ClearITPendingBit                    0x08006897   Thumb Code    22  stm32f10x_dma.o(.text)
    GPIO_DeInit                              0x080068b5   Thumb Code   172  stm32f10x_gpio.o(.text)
    GPIO_AFIODeInit                          0x08006961   Thumb Code    20  stm32f10x_gpio.o(.text)
    GPIO_Init                                0x08006975   Thumb Code   278  stm32f10x_gpio.o(.text)
    GPIO_StructInit                          0x08006a8b   Thumb Code    16  stm32f10x_gpio.o(.text)
    GPIO_ReadInputDataBit                    0x08006a9b   Thumb Code    18  stm32f10x_gpio.o(.text)
    GPIO_ReadInputData                       0x08006aad   Thumb Code     8  stm32f10x_gpio.o(.text)
    GPIO_ReadOutputDataBit                   0x08006ab5   Thumb Code    18  stm32f10x_gpio.o(.text)
    GPIO_ReadOutputData                      0x08006ac7   Thumb Code     8  stm32f10x_gpio.o(.text)
    GPIO_SetBits                             0x08006acf   Thumb Code     4  stm32f10x_gpio.o(.text)
    GPIO_ResetBits                           0x08006ad3   Thumb Code     4  stm32f10x_gpio.o(.text)
    GPIO_WriteBit                            0x08006ad7   Thumb Code    10  stm32f10x_gpio.o(.text)
    GPIO_Write                               0x08006ae1   Thumb Code     4  stm32f10x_gpio.o(.text)
    GPIO_PinLockConfig                       0x08006ae5   Thumb Code    18  stm32f10x_gpio.o(.text)
    GPIO_EventOutputConfig                   0x08006af7   Thumb Code    26  stm32f10x_gpio.o(.text)
    GPIO_EventOutputCmd                      0x08006b11   Thumb Code     6  stm32f10x_gpio.o(.text)
    GPIO_PinRemapConfig                      0x08006b17   Thumb Code   138  stm32f10x_gpio.o(.text)
    GPIO_EXTILineConfig                      0x08006ba1   Thumb Code    66  stm32f10x_gpio.o(.text)
    GPIO_ETH_MediaInterfaceConfig            0x08006be3   Thumb Code     8  stm32f10x_gpio.o(.text)
    RCC_DeInit                               0x08006c11   Thumb Code    64  stm32f10x_rcc.o(.text)
    RCC_HSEConfig                            0x08006c51   Thumb Code    70  stm32f10x_rcc.o(.text)
    RCC_GetFlagStatus                        0x08006c97   Thumb Code    56  stm32f10x_rcc.o(.text)
    RCC_WaitForHSEStartUp                    0x08006ccf   Thumb Code    56  stm32f10x_rcc.o(.text)
    RCC_AdjustHSICalibrationValue            0x08006d07   Thumb Code    20  stm32f10x_rcc.o(.text)
    RCC_HSICmd                               0x08006d1b   Thumb Code     6  stm32f10x_rcc.o(.text)
    RCC_PLLConfig                            0x08006d21   Thumb Code    24  stm32f10x_rcc.o(.text)
    RCC_PLLCmd                               0x08006d39   Thumb Code     6  stm32f10x_rcc.o(.text)
    RCC_SYSCLKConfig                         0x08006d3f   Thumb Code    18  stm32f10x_rcc.o(.text)
    RCC_GetSYSCLKSource                      0x08006d51   Thumb Code    10  stm32f10x_rcc.o(.text)
    RCC_HCLKConfig                           0x08006d5b   Thumb Code    18  stm32f10x_rcc.o(.text)
    RCC_PCLK1Config                          0x08006d6d   Thumb Code    18  stm32f10x_rcc.o(.text)
    RCC_PCLK2Config                          0x08006d7f   Thumb Code    20  stm32f10x_rcc.o(.text)
    RCC_ITConfig                             0x08006d93   Thumb Code    26  stm32f10x_rcc.o(.text)
    RCC_USBCLKConfig                         0x08006dad   Thumb Code     8  stm32f10x_rcc.o(.text)
    RCC_ADCCLKConfig                         0x08006db5   Thumb Code    18  stm32f10x_rcc.o(.text)
    RCC_LSEConfig                            0x08006dc7   Thumb Code    50  stm32f10x_rcc.o(.text)
    RCC_LSICmd                               0x08006df9   Thumb Code     6  stm32f10x_rcc.o(.text)
    RCC_RTCCLKConfig                         0x08006dff   Thumb Code    12  stm32f10x_rcc.o(.text)
    RCC_RTCCLKCmd                            0x08006e0b   Thumb Code     8  stm32f10x_rcc.o(.text)
    RCC_GetClocksFreq                        0x08006e13   Thumb Code   192  stm32f10x_rcc.o(.text)
    RCC_AHBPeriphClockCmd                    0x08006ed3   Thumb Code    26  stm32f10x_rcc.o(.text)
    RCC_APB2PeriphClockCmd                   0x08006eed   Thumb Code    26  stm32f10x_rcc.o(.text)
    RCC_APB1PeriphClockCmd                   0x08006f07   Thumb Code    26  stm32f10x_rcc.o(.text)
    RCC_APB2PeriphResetCmd                   0x08006f21   Thumb Code    26  stm32f10x_rcc.o(.text)
    RCC_APB1PeriphResetCmd                   0x08006f3b   Thumb Code    26  stm32f10x_rcc.o(.text)
    RCC_BackupResetCmd                       0x08006f55   Thumb Code     8  stm32f10x_rcc.o(.text)
    RCC_ClockSecuritySystemCmd               0x08006f5d   Thumb Code     6  stm32f10x_rcc.o(.text)
    RCC_MCOConfig                            0x08006f63   Thumb Code     6  stm32f10x_rcc.o(.text)
    RCC_ClearFlag                            0x08006f69   Thumb Code    14  stm32f10x_rcc.o(.text)
    RCC_GetITStatus                          0x08006f77   Thumb Code    20  stm32f10x_rcc.o(.text)
    RCC_ClearITPendingBit                    0x08006f8b   Thumb Code     6  stm32f10x_rcc.o(.text)
    TIM_DeInit                               0x08006fb5   Thumb Code   424  stm32f10x_tim.o(.text)
    TIM_TimeBaseInit                         0x0800715d   Thumb Code   122  stm32f10x_tim.o(.text)
    TIM_OC1Init                              0x080071d7   Thumb Code   132  stm32f10x_tim.o(.text)
    TIM_OC2Init                              0x0800725b   Thumb Code   154  stm32f10x_tim.o(.text)
    TIM_OC3Init                              0x080072f5   Thumb Code   150  stm32f10x_tim.o(.text)
    TIM_OC4Init                              0x0800738b   Thumb Code   182  stm32f10x_tim.o(.text)
    TIM_SetIC4Prescaler                      0x08007441   Thumb Code    26  stm32f10x_tim.o(.text)
    TIM_SetIC3Prescaler                      0x080074dd   Thumb Code    18  stm32f10x_tim.o(.text)
    TIM_SetIC2Prescaler                      0x08007569   Thumb Code    26  stm32f10x_tim.o(.text)
    TIM_SetIC1Prescaler                      0x08007605   Thumb Code    18  stm32f10x_tim.o(.text)
    TIM_ICInit                               0x08007683   Thumb Code   150  stm32f10x_tim.o(.text)
    TIM_PWMIConfig                           0x08007719   Thumb Code   124  stm32f10x_tim.o(.text)
    TIM_BDTRConfig                           0x08007795   Thumb Code    32  stm32f10x_tim.o(.text)
    TIM_TimeBaseStructInit                   0x080077b5   Thumb Code    18  stm32f10x_tim.o(.text)
    TIM_OCStructInit                         0x080077c7   Thumb Code    20  stm32f10x_tim.o(.text)
    TIM_ICStructInit                         0x080077db   Thumb Code    18  stm32f10x_tim.o(.text)
    TIM_BDTRStructInit                       0x080077ed   Thumb Code    40  stm32f10x_tim.o(.text)
    TIM_Cmd                                  0x08007815   Thumb Code    24  stm32f10x_tim.o(.text)
    TIM_CtrlPWMOutputs                       0x0800782d   Thumb Code    30  stm32f10x_tim.o(.text)
    TIM_ITConfig                             0x0800784b   Thumb Code    18  stm32f10x_tim.o(.text)
    TIM_GenerateEvent                        0x0800785d   Thumb Code     4  stm32f10x_tim.o(.text)
    TIM_DMAConfig                            0x08007861   Thumb Code    10  stm32f10x_tim.o(.text)
    TIM_DMACmd                               0x0800786b   Thumb Code    18  stm32f10x_tim.o(.text)
    TIM_InternalClockConfig                  0x0800787d   Thumb Code    12  stm32f10x_tim.o(.text)
    TIM_SelectInputTrigger                   0x08007889   Thumb Code    18  stm32f10x_tim.o(.text)
    TIM_ITRxExternalClockConfig              0x0800789b   Thumb Code    24  stm32f10x_tim.o(.text)
    TIM_TIxExternalClockConfig               0x080078b3   Thumb Code    62  stm32f10x_tim.o(.text)
    TIM_ETRConfig                            0x080078f1   Thumb Code    28  stm32f10x_tim.o(.text)
    TIM_ETRClockMode1Config                  0x0800790d   Thumb Code    54  stm32f10x_tim.o(.text)
    TIM_ETRClockMode2Config                  0x08007943   Thumb Code    32  stm32f10x_tim.o(.text)
    TIM_PrescalerConfig                      0x08007963   Thumb Code     6  stm32f10x_tim.o(.text)
    TIM_CounterModeConfig                    0x08007969   Thumb Code    18  stm32f10x_tim.o(.text)
    TIM_EncoderInterfaceConfig               0x0800797b   Thumb Code    66  stm32f10x_tim.o(.text)
    TIM_ForcedOC1Config                      0x080079bd   Thumb Code    18  stm32f10x_tim.o(.text)
    TIM_ForcedOC2Config                      0x080079cf   Thumb Code    26  stm32f10x_tim.o(.text)
    TIM_ForcedOC3Config                      0x080079e9   Thumb Code    18  stm32f10x_tim.o(.text)
    TIM_ForcedOC4Config                      0x080079fb   Thumb Code    26  stm32f10x_tim.o(.text)
    TIM_ARRPreloadConfig                     0x08007a15   Thumb Code    24  stm32f10x_tim.o(.text)
    TIM_SelectCOM                            0x08007a2d   Thumb Code    24  stm32f10x_tim.o(.text)
    TIM_SelectCCDMA                          0x08007a45   Thumb Code    24  stm32f10x_tim.o(.text)
    TIM_CCPreloadControl                     0x08007a5d   Thumb Code    24  stm32f10x_tim.o(.text)
    TIM_OC1PreloadConfig                     0x08007a75   Thumb Code    18  stm32f10x_tim.o(.text)
    TIM_OC2PreloadConfig                     0x08007a87   Thumb Code    26  stm32f10x_tim.o(.text)
    TIM_OC3PreloadConfig                     0x08007aa1   Thumb Code    18  stm32f10x_tim.o(.text)
    TIM_OC4PreloadConfig                     0x08007ab3   Thumb Code    26  stm32f10x_tim.o(.text)
    TIM_OC1FastConfig                        0x08007acd   Thumb Code    18  stm32f10x_tim.o(.text)
    TIM_OC2FastConfig                        0x08007adf   Thumb Code    26  stm32f10x_tim.o(.text)
    TIM_OC3FastConfig                        0x08007af9   Thumb Code    18  stm32f10x_tim.o(.text)
    TIM_OC4FastConfig                        0x08007b0b   Thumb Code    26  stm32f10x_tim.o(.text)
    TIM_ClearOC1Ref                          0x08007b25   Thumb Code    18  stm32f10x_tim.o(.text)
    TIM_ClearOC2Ref                          0x08007b37   Thumb Code    24  stm32f10x_tim.o(.text)
    TIM_ClearOC3Ref                          0x08007b4f   Thumb Code    18  stm32f10x_tim.o(.text)
    TIM_ClearOC4Ref                          0x08007b61   Thumb Code    24  stm32f10x_tim.o(.text)
    TIM_OC1PolarityConfig                    0x08007b79   Thumb Code    18  stm32f10x_tim.o(.text)
    TIM_OC1NPolarityConfig                   0x08007b8b   Thumb Code    18  stm32f10x_tim.o(.text)
    TIM_OC2PolarityConfig                    0x08007b9d   Thumb Code    26  stm32f10x_tim.o(.text)
    TIM_OC2NPolarityConfig                   0x08007bb7   Thumb Code    26  stm32f10x_tim.o(.text)
    TIM_OC3PolarityConfig                    0x08007bd1   Thumb Code    26  stm32f10x_tim.o(.text)
    TIM_OC3NPolarityConfig                   0x08007beb   Thumb Code    26  stm32f10x_tim.o(.text)
    TIM_OC4PolarityConfig                    0x08007c05   Thumb Code    26  stm32f10x_tim.o(.text)
    TIM_CCxCmd                               0x08007c1f   Thumb Code    30  stm32f10x_tim.o(.text)
    TIM_CCxNCmd                              0x08007c3d   Thumb Code    30  stm32f10x_tim.o(.text)
    TIM_SelectOCxM                           0x08007c5b   Thumb Code    82  stm32f10x_tim.o(.text)
    TIM_UpdateDisableConfig                  0x08007cad   Thumb Code    24  stm32f10x_tim.o(.text)
    TIM_UpdateRequestConfig                  0x08007cc5   Thumb Code    24  stm32f10x_tim.o(.text)
    TIM_SelectHallSensor                     0x08007cdd   Thumb Code    24  stm32f10x_tim.o(.text)
    TIM_SelectOnePulseMode                   0x08007cf5   Thumb Code    18  stm32f10x_tim.o(.text)
    TIM_SelectOutputTrigger                  0x08007d07   Thumb Code    18  stm32f10x_tim.o(.text)
    TIM_SelectSlaveMode                      0x08007d19   Thumb Code    18  stm32f10x_tim.o(.text)
    TIM_SelectMasterSlaveMode                0x08007d2b   Thumb Code    18  stm32f10x_tim.o(.text)
    TIM_SetCounter                           0x08007d3d   Thumb Code     4  stm32f10x_tim.o(.text)
    TIM_SetAutoreload                        0x08007d41   Thumb Code     4  stm32f10x_tim.o(.text)
    TIM_SetCompare1                          0x08007d45   Thumb Code     4  stm32f10x_tim.o(.text)
    TIM_SetCompare2                          0x08007d49   Thumb Code     4  stm32f10x_tim.o(.text)
    TIM_SetCompare3                          0x08007d4d   Thumb Code     4  stm32f10x_tim.o(.text)
    TIM_SetCompare4                          0x08007d51   Thumb Code     6  stm32f10x_tim.o(.text)
    TIM_SetClockDivision                     0x08007d57   Thumb Code    18  stm32f10x_tim.o(.text)
    TIM_GetCapture1                          0x08007d69   Thumb Code     6  stm32f10x_tim.o(.text)
    TIM_GetCapture2                          0x08007d6f   Thumb Code     6  stm32f10x_tim.o(.text)
    TIM_GetCapture3                          0x08007d75   Thumb Code     6  stm32f10x_tim.o(.text)
    TIM_GetCapture4                          0x08007d7b   Thumb Code     8  stm32f10x_tim.o(.text)
    TIM_GetCounter                           0x08007d83   Thumb Code     6  stm32f10x_tim.o(.text)
    TIM_GetPrescaler                         0x08007d89   Thumb Code     6  stm32f10x_tim.o(.text)
    TIM_GetFlagStatus                        0x08007d8f   Thumb Code    18  stm32f10x_tim.o(.text)
    TIM_ClearFlag                            0x08007da1   Thumb Code     6  stm32f10x_tim.o(.text)
    TIM_GetITStatus                          0x08007da7   Thumb Code    34  stm32f10x_tim.o(.text)
    TIM_ClearITPendingBit                    0x08007dc9   Thumb Code     6  stm32f10x_tim.o(.text)
    USART_DeInit                             0x08007dd1   Thumb Code   134  stm32f10x_usart.o(.text)
    USART_Init                               0x08007e57   Thumb Code   210  stm32f10x_usart.o(.text)
    USART_StructInit                         0x08007f29   Thumb Code    24  stm32f10x_usart.o(.text)
    USART_ClockInit                          0x08007f41   Thumb Code    34  stm32f10x_usart.o(.text)
    USART_ClockStructInit                    0x08007f63   Thumb Code    12  stm32f10x_usart.o(.text)
    USART_Cmd                                0x08007f6f   Thumb Code    24  stm32f10x_usart.o(.text)
    USART_ITConfig                           0x08007f87   Thumb Code    74  stm32f10x_usart.o(.text)
    USART_DMACmd                             0x08007fd1   Thumb Code    18  stm32f10x_usart.o(.text)
    USART_SetAddress                         0x08007fe3   Thumb Code    18  stm32f10x_usart.o(.text)
    USART_WakeUpConfig                       0x08007ff5   Thumb Code    18  stm32f10x_usart.o(.text)
    USART_ReceiverWakeUpCmd                  0x08008007   Thumb Code    24  stm32f10x_usart.o(.text)
    USART_LINBreakDetectLengthConfig         0x0800801f   Thumb Code    18  stm32f10x_usart.o(.text)
    USART_LINCmd                             0x08008031   Thumb Code    24  stm32f10x_usart.o(.text)
    USART_SendData                           0x08008049   Thumb Code     8  stm32f10x_usart.o(.text)
    USART_ReceiveData                        0x08008051   Thumb Code    10  stm32f10x_usart.o(.text)
    USART_SendBreak                          0x0800805b   Thumb Code    10  stm32f10x_usart.o(.text)
    USART_SetGuardTime                       0x08008065   Thumb Code    16  stm32f10x_usart.o(.text)
    USART_SetPrescaler                       0x08008075   Thumb Code    16  stm32f10x_usart.o(.text)
    USART_SmartCardCmd                       0x08008085   Thumb Code    24  stm32f10x_usart.o(.text)
    USART_SmartCardNACKCmd                   0x0800809d   Thumb Code    24  stm32f10x_usart.o(.text)
    USART_HalfDuplexCmd                      0x080080b5   Thumb Code    24  stm32f10x_usart.o(.text)
    USART_OverSampling8Cmd                   0x080080cd   Thumb Code    22  stm32f10x_usart.o(.text)
    USART_OneBitMethodCmd                    0x080080e3   Thumb Code    24  stm32f10x_usart.o(.text)
    USART_IrDAConfig                         0x080080fb   Thumb Code    18  stm32f10x_usart.o(.text)
    USART_IrDACmd                            0x0800810d   Thumb Code    24  stm32f10x_usart.o(.text)
    USART_GetFlagStatus                      0x08008125   Thumb Code    26  stm32f10x_usart.o(.text)
    USART_ClearFlag                          0x0800813f   Thumb Code    18  stm32f10x_usart.o(.text)
    USART_GetITStatus                        0x08008151   Thumb Code    84  stm32f10x_usart.o(.text)
    USART_ClearITPendingBit                  0x080081a5   Thumb Code    52  stm32f10x_usart.o(.text)
    delay_init                               0x080081d9   Thumb Code    50  delay.o(.text)
    delay_us                                 0x0800820b   Thumb Code    72  delay.o(.text)
    delay_ms                                 0x08008253   Thumb Code    72  delay.o(.text)
    _sys_exit                                0x080082ad   Thumb Code     6  usart.o(.text)
    fputc                                    0x080082b3   Thumb Code    24  usart.o(.text)
    uart_init                                0x080082cb   Thumb Code   152  usart.o(.text)
    USART1_IRQHandler                        0x08008363   Thumb Code   122  usart.o(.text)
    arm_cmplx_mag_f32                        0x080083ed   Thumb Code   306  arm_cmplx_mag_f32.o(.text)
    arm_radix4_butterfly_f32                 0x08008521   Thumb Code  1364  arm_cfft_radix4_f32.o(.text)
    arm_radix4_butterfly_inverse_f32         0x08008a75   Thumb Code  1442  arm_cfft_radix4_f32.o(.text)
    arm_cfft_radix4_f32                      0x08009017   Thumb Code    62  arm_cfft_radix4_f32.o(.text)
    arm_cfft_radix4_init_f32                 0x08009055   Thumb Code   142  arm_cfft_radix4_init_f32.o(.text)
    arm_bitreversal_f32                      0x080090fd   Thumb Code   174  arm_bitreversal.o(.text)
    arm_bitreversal_q31                      0x080091ab   Thumb Code   180  arm_bitreversal.o(.text)
    arm_bitreversal_q15                      0x0800925f   Thumb Code   128  arm_bitreversal.o(.text)
    __use_no_semihosting                     0x080092df   Thumb Code     2  use_no_semi_2.o(.text)
    __2printf                                0x080092e1   Thumb Code    20  noretval__2printf.o(.text)
    __printf                                 0x080092f9   Thumb Code   104  __printf.o(.text)
    _printf_int_hex                          0x08009361   Thumb Code    84  _printf_hex_int.o(.text)
    _printf_longlong_hex                     0x08009361   Thumb Code     0  _printf_hex_int.o(.text)
    srand                                    0x080093b9   Thumb Code    42  rand.o(.text)
    _rand_init                               0x080093e3   Thumb Code     4  rand.o(.text)
    __use_two_region_memory                  0x080093f5   Thumb Code     2  heapauxi.o(.text)
    __rt_heap_escrow$2region                 0x080093f7   Thumb Code     2  heapauxi.o(.text)
    __rt_heap_expand$2region                 0x080093f9   Thumb Code     2  heapauxi.o(.text)
    __I$use$semihosting                      0x080093fb   Thumb Code     0  use_no_semi.o(.text)
    __use_no_semihosting_swi                 0x080093fb   Thumb Code     2  use_no_semi.o(.text)
    __read_errno                             0x080093fd   Thumb Code    10  _rserrno.o(.text)
    __set_errno                              0x08009407   Thumb Code    12  _rserrno.o(.text)
    _printf_int_common                       0x08009413   Thumb Code   178  _printf_intcommon.o(.text)
    _printf_char_file                        0x080094c5   Thumb Code    32  _printf_char_file.o(.text)
    __aeabi_errno_addr                       0x080094e9   Thumb Code     8  rt_errno_addr_intlibspace.o(.text)
    __errno$intlibspace                      0x080094e9   Thumb Code     0  rt_errno_addr_intlibspace.o(.text)
    __rt_errno_addr$intlibspace              0x080094e9   Thumb Code     0  rt_errno_addr_intlibspace.o(.text)
    _printf_char_common                      0x080094fb   Thumb Code    32  _printf_char_common.o(.text)
    ferror                                   0x08009521   Thumb Code     8  ferror.o(.text)
    __user_libspace                          0x08009529   Thumb Code     8  libspace.o(.text)
    __user_perproc_libspace                  0x08009529   Thumb Code     0  libspace.o(.text)
    __user_perthread_libspace                0x08009529   Thumb Code     0  libspace.o(.text)
    __user_setup_stackheap                   0x08009531   Thumb Code    74  sys_stackheap_outer.o(.text)
    exit                                     0x0800957b   Thumb Code    12  exit.o(.text)
    sqrtf                                    0x08009587   Thumb Code    44  sqrtf.o(i.sqrtf)
    __aeabi_d2uiz                            0x080095b5   Thumb Code     0  dfixu.o(x$fpl$dfixu)
    _dfixu                                   0x080095b5   Thumb Code    90  dfixu.o(x$fpl$dfixu)
    __aeabi_ui2d                             0x0800960f   Thumb Code     0  dflt_clz.o(x$fpl$dfltu)
    _dfltu                                   0x0800960f   Thumb Code    38  dflt_clz.o(x$fpl$dfltu)
    __aeabi_dmul                             0x08009635   Thumb Code     0  dmul.o(x$fpl$dmul)
    _dmul                                    0x08009635   Thumb Code   332  dmul.o(x$fpl$dmul)
    __fpl_dnaninf                            0x08009789   Thumb Code   156  dnaninf.o(x$fpl$dnaninf)
    __fpl_dretinf                            0x08009825   Thumb Code    12  dretinf.o(x$fpl$dretinf)
    __aeabi_fadd                             0x08009831   Thumb Code     0  faddsub_clz.o(x$fpl$fadd)
    _fadd                                    0x08009831   Thumb Code   196  faddsub_clz.o(x$fpl$fadd)
    __aeabi_fdiv                             0x080098f5   Thumb Code     0  fdiv.o(x$fpl$fdiv)
    _fdiv                                    0x080098f5   Thumb Code   384  fdiv.o(x$fpl$fdiv)
    __aeabi_f2uiz                            0x08009a79   Thumb Code     0  ffixu.o(x$fpl$ffixu)
    _ffixu                                   0x08009a79   Thumb Code    62  ffixu.o(x$fpl$ffixu)
    __aeabi_ui2f                             0x08009ab9   Thumb Code     0  fflt_clz.o(x$fpl$ffltu)
    _ffltu                                   0x08009ab9   Thumb Code    38  fflt_clz.o(x$fpl$ffltu)
    __aeabi_fmul                             0x08009ae1   Thumb Code     0  fmul.o(x$fpl$fmul)
    _fmul                                    0x08009ae1   Thumb Code   258  fmul.o(x$fpl$fmul)
    __fpl_fnaninf                            0x08009be3   Thumb Code   140  fnaninf.o(x$fpl$fnaninf)
    __fpl_fretinf                            0x08009c6f   Thumb Code    10  fretinf.o(x$fpl$fretinf)
    _fsqrt                                   0x08009c79   Thumb Code   272  fsqrt.o(x$fpl$fsqrt)
    __aeabi_fsub                             0x08009d89   Thumb Code     0  faddsub_clz.o(x$fpl$fsub)
    _fsub                                    0x08009d89   Thumb Code   234  faddsub_clz.o(x$fpl$fsub)
    __I$use$fp                               0x08009e72   Number         0  usenofp.o(x$fpl$usenofp)
    asc2_1206                                0x08009e72   Data        1140  lcd.o(.constdata)
    asc2_1608                                0x0800a2e6   Data        1520  lcd.o(.constdata)
    asc2_2412                                0x0800a8d6   Data        3420  lcd.o(.constdata)
    armBitRevTable                           0x0800b632   Data        2048  arm_common_tables.o(.constdata)
    twiddleCoef_4096                         0x0800be34   Data       32768  arm_common_tables.o(.constdata)
    Region$$Table$$Base                      0x08013e5c   Number         0  anon$$obj.o(Region$$Table)
    Region$$Table$$Limit                     0x08013e7c   Number         0  anon$$obj.o(Region$$Table)
    ADC_DataNum                              0x20000000   Data           4  main.o(.data)
    ADC_TimeOutFlag                          0x20000004   Data           1  main.o(.data)
    SystemCoreClock                          0x20000008   Data           4  system_stm32f10x.o(.data)
    AHBPrescTable                            0x2000000c   Data          16  system_stm32f10x.o(.data)
    POINT_COLOR                              0x2000001c   Data           2  lcd.o(.data)
    BACK_COLOR                               0x2000001e   Data           2  lcd.o(.data)
    ADCConvertedValue                        0x20000020   Data           2  adc.o(.data)
    __stdout                                 0x2000003c   Data           4  usart.o(.data)
    USART_RX_STA                             0x20000040   Data           2  usart.o(.data)
    fft_inputbuf                             0x20000044   Data        2048  main.o(.bss)
    fft_outputbuf                            0x20000844   Data        1024  main.o(.bss)
    colorValue                               0x20000c44   Data          70  main.o(.bss)
    a                                        0x20000c8a   Data        1024  main.o(.bss)
    lcddev                                   0x2000108a   Data          14  lcd.o(.bss)
    USART_RX_BUF                             0x20001098   Data         200  usart.o(.bss)
    _random_number_data                      0x20001160   Data         228  rand.o(.bss)
    __libspace_start                         0x20001244   Data          96  libspace.o(.bss)
    __temporary_stack_top$libspace           0x200012a4   Data           0  libspace.o(.bss)



==============================================================================

Memory Map of the image

  Image Entry point : 0x08000131

  Load Region LR_IROM1 (Base: 0x08000000, Size: 0x00013ec0, Max: 0x00040000, ABSOLUTE)

    Execution Region ER_IROM1 (Base: 0x08000000, Size: 0x00013e7c, Max: 0x00040000, ABSOLUTE)

    Base Addr    Size         Type   Attr      Idx    E Section Name        Object

    0x08000000   0x00000130   Data   RO          326    RESET               startup_stm32f10x_hd.o
    0x08000130   0x00000008   Code   RO         1087  * !!!main             c_w.l(__main.o)
    0x08000138   0x00000034   Code   RO         1314    !!!scatter          c_w.l(__scatter.o)
    0x0800016c   0x0000001a   Code   RO         1316    !!handler_copy      c_w.l(__scatter_copy.o)
    0x08000186   0x00000002   PAD
    0x08000188   0x0000001c   Code   RO         1318    !!handler_zi        c_w.l(__scatter_zi.o)
    0x080001a4   0x00000000   Code   RO         1079    .ARM.Collect$$_printf_percent$$00000000  c_w.l(_printf_percent.o)
    0x080001a4   0x00000006   Code   RO         1078    .ARM.Collect$$_printf_percent$$0000000C  c_w.l(_printf_x.o)
    0x080001aa   0x00000004   Code   RO         1140    .ARM.Collect$$_printf_percent$$00000017  c_w.l(_printf_percent_end.o)
    0x080001ae   0x00000002   Code   RO         1245    .ARM.Collect$$libinit$$00000000  c_w.l(libinit.o)
    0x080001b0   0x00000000   Code   RO         1142    .ARM.Collect$$libinit$$00000002  c_w.l(libinit2.o)
    0x080001b0   0x00000000   Code   RO         1144    .ARM.Collect$$libinit$$00000004  c_w.l(libinit2.o)
    0x080001b0   0x00000000   Code   RO         1147    .ARM.Collect$$libinit$$0000000A  c_w.l(libinit2.o)
    0x080001b0   0x00000000   Code   RO         1149    .ARM.Collect$$libinit$$0000000C  c_w.l(libinit2.o)
    0x080001b0   0x00000004   Code   RO         1150    .ARM.Collect$$libinit$$0000000D  c_w.l(libinit2.o)
    0x080001b4   0x00000000   Code   RO         1151    .ARM.Collect$$libinit$$0000000E  c_w.l(libinit2.o)
    0x080001b4   0x00000000   Code   RO         1154    .ARM.Collect$$libinit$$00000011  c_w.l(libinit2.o)
    0x080001b4   0x00000000   Code   RO         1156    .ARM.Collect$$libinit$$00000013  c_w.l(libinit2.o)
    0x080001b4   0x00000000   Code   RO         1158    .ARM.Collect$$libinit$$00000015  c_w.l(libinit2.o)
    0x080001b4   0x00000000   Code   RO         1160    .ARM.Collect$$libinit$$00000017  c_w.l(libinit2.o)
    0x080001b4   0x00000000   Code   RO         1162    .ARM.Collect$$libinit$$00000019  c_w.l(libinit2.o)
    0x080001b4   0x00000000   Code   RO         1164    .ARM.Collect$$libinit$$0000001B  c_w.l(libinit2.o)
    0x080001b4   0x00000000   Code   RO         1166    .ARM.Collect$$libinit$$0000001D  c_w.l(libinit2.o)
    0x080001b4   0x00000000   Code   RO         1168    .ARM.Collect$$libinit$$0000001F  c_w.l(libinit2.o)
    0x080001b4   0x00000000   Code   RO         1170    .ARM.Collect$$libinit$$00000021  c_w.l(libinit2.o)
    0x080001b4   0x00000000   Code   RO         1172    .ARM.Collect$$libinit$$00000023  c_w.l(libinit2.o)
    0x080001b4   0x00000000   Code   RO         1174    .ARM.Collect$$libinit$$00000025  c_w.l(libinit2.o)
    0x080001b4   0x00000000   Code   RO         1178    .ARM.Collect$$libinit$$0000002C  c_w.l(libinit2.o)
    0x080001b4   0x00000000   Code   RO         1180    .ARM.Collect$$libinit$$0000002E  c_w.l(libinit2.o)
    0x080001b4   0x00000000   Code   RO         1182    .ARM.Collect$$libinit$$00000030  c_w.l(libinit2.o)
    0x080001b4   0x00000000   Code   RO         1184    .ARM.Collect$$libinit$$00000032  c_w.l(libinit2.o)
    0x080001b4   0x00000002   Code   RO         1185    .ARM.Collect$$libinit$$00000033  c_w.l(libinit2.o)
    0x080001b6   0x00000002   Code   RO         1276    .ARM.Collect$$libshutdown$$00000000  c_w.l(libshutdown.o)
    0x080001b8   0x00000000   Code   RO         1283    .ARM.Collect$$libshutdown$$00000003  c_w.l(libshutdown2.o)
    0x080001b8   0x00000000   Code   RO         1286    .ARM.Collect$$libshutdown$$00000006  c_w.l(libshutdown2.o)
    0x080001b8   0x00000000   Code   RO         1289    .ARM.Collect$$libshutdown$$00000009  c_w.l(libshutdown2.o)
    0x080001b8   0x00000000   Code   RO         1291    .ARM.Collect$$libshutdown$$0000000B  c_w.l(libshutdown2.o)
    0x080001b8   0x00000000   Code   RO         1294    .ARM.Collect$$libshutdown$$0000000E  c_w.l(libshutdown2.o)
    0x080001b8   0x00000002   Code   RO         1295    .ARM.Collect$$libshutdown$$0000000F  c_w.l(libshutdown2.o)
    0x080001ba   0x00000000   Code   RO         1133    .ARM.Collect$$rtentry$$00000000  c_w.l(__rtentry.o)
    0x080001ba   0x00000000   Code   RO         1198    .ARM.Collect$$rtentry$$00000002  c_w.l(__rtentry2.o)
    0x080001ba   0x00000006   Code   RO         1210    .ARM.Collect$$rtentry$$00000004  c_w.l(__rtentry4.o)
    0x080001c0   0x00000000   Code   RO         1200    .ARM.Collect$$rtentry$$00000009  c_w.l(__rtentry2.o)
    0x080001c0   0x00000004   Code   RO         1201    .ARM.Collect$$rtentry$$0000000A  c_w.l(__rtentry2.o)
    0x080001c4   0x00000000   Code   RO         1203    .ARM.Collect$$rtentry$$0000000C  c_w.l(__rtentry2.o)
    0x080001c4   0x00000008   Code   RO         1204    .ARM.Collect$$rtentry$$0000000D  c_w.l(__rtentry2.o)
    0x080001cc   0x00000002   Code   RO         1248    .ARM.Collect$$rtexit$$00000000  c_w.l(rtexit.o)
    0x080001ce   0x00000000   Code   RO         1258    .ARM.Collect$$rtexit$$00000002  c_w.l(rtexit2.o)
    0x080001ce   0x00000004   Code   RO         1259    .ARM.Collect$$rtexit$$00000003  c_w.l(rtexit2.o)
    0x080001d2   0x00000006   Code   RO         1260    .ARM.Collect$$rtexit$$00000004  c_w.l(rtexit2.o)
    0x080001d8   0x00000034   Code   RO         1080    .emb_text           c_w.l(rand.o)
    0x0800020c   0x000002d0   Code   RO            3    .text               main.o
    0x080004dc   0x0000001a   Code   RO          160    .text               stm32f10x_it.o
    0x080004f6   0x00000002   PAD
    0x080004f8   0x000001e0   Code   RO          209    .text               system_stm32f10x.o
    0x080006d8   0x00005846   Code   RO          235    .text               lcd.o
    0x08005f1e   0x00000002   PAD
    0x08005f20   0x00000050   Code   RO          273    .text               led.o
    0x08005f70   0x00000184   Code   RO          293    .text               adc.o
    0x080060f4   0x00000040   Code   RO          327    .text               startup_stm32f10x_hd.o
    0x08006134   0x000000dc   Code   RO          333    .text               misc.o
    0x08006210   0x0000044e   Code   RO          353    .text               stm32f10x_adc.o
    0x0800665e   0x00000002   PAD
    0x08006660   0x00000254   Code   RO          493    .text               stm32f10x_dma.o
    0x080068b4   0x0000035c   Code   RO          573    .text               stm32f10x_gpio.o
    0x08006c10   0x000003a4   Code   RO          653    .text               stm32f10x_rcc.o
    0x08006fb4   0x00000e1a   Code   RO          735    .text               stm32f10x_tim.o
    0x08007dce   0x00000002   PAD
    0x08007dd0   0x00000408   Code   RO          755    .text               stm32f10x_usart.o
    0x080081d8   0x000000d4   Code   RO          795    .text               delay.o
    0x080082ac   0x00000140   Code   RO          841    .text               usart.o
    0x080083ec   0x00000132   Code   RO          872    .text               arm_cortexM3l_math.lib(arm_cmplx_mag_f32.o)
    0x0800851e   0x00000002   PAD
    0x08008520   0x00000b34   Code   RO          914    .text               arm_cortexM3l_math.lib(arm_cfft_radix4_f32.o)
    0x08009054   0x000000a8   Code   RO          934    .text               arm_cortexM3l_math.lib(arm_cfft_radix4_init_f32.o)
    0x080090fc   0x000001e2   Code   RO          958    .text               arm_cortexM3l_math.lib(arm_bitreversal.o)
    0x080092de   0x00000002   Code   RO         1029    .text               c_w.l(use_no_semi_2.o)
    0x080092e0   0x00000018   Code   RO         1033    .text               c_w.l(noretval__2printf.o)
    0x080092f8   0x00000068   Code   RO         1035    .text               c_w.l(__printf.o)
    0x08009360   0x00000058   Code   RO         1040    .text               c_w.l(_printf_hex_int.o)
    0x080093b8   0x0000003c   Code   RO         1081    .text               c_w.l(rand.o)
    0x080093f4   0x00000006   Code   RO         1085    .text               c_w.l(heapauxi.o)
    0x080093fa   0x00000002   Code   RO         1131    .text               c_w.l(use_no_semi.o)
    0x080093fc   0x00000016   Code   RO         1134    .text               c_w.l(_rserrno.o)
    0x08009412   0x000000b2   Code   RO         1136    .text               c_w.l(_printf_intcommon.o)
    0x080094c4   0x00000024   Code   RO         1138    .text               c_w.l(_printf_char_file.o)
    0x080094e8   0x00000008   Code   RO         1215    .text               c_w.l(rt_errno_addr_intlibspace.o)
    0x080094f0   0x00000030   Code   RO         1217    .text               c_w.l(_printf_char_common.o)
    0x08009520   0x00000008   Code   RO         1219    .text               c_w.l(ferror.o)
    0x08009528   0x00000008   Code   RO         1227    .text               c_w.l(libspace.o)
    0x08009530   0x0000004a   Code   RO         1230    .text               c_w.l(sys_stackheap_outer.o)
    0x0800957a   0x0000000c   Code   RO         1234    .text               c_w.l(exit.o)
    0x08009586   0x0000002c   Code   RO         1124    i.sqrtf             m_ws.l(sqrtf.o)
    0x080095b2   0x00000002   PAD
    0x080095b4   0x0000005a   Code   RO         1089    x$fpl$dfixu         fz_ws.l(dfixu.o)
    0x0800960e   0x00000026   Code   RO         1093    x$fpl$dfltu         fz_ws.l(dflt_clz.o)
    0x08009634   0x00000154   Code   RO         1099    x$fpl$dmul          fz_ws.l(dmul.o)
    0x08009788   0x0000009c   Code   RO         1186    x$fpl$dnaninf       fz_ws.l(dnaninf.o)
    0x08009824   0x0000000c   Code   RO         1188    x$fpl$dretinf       fz_ws.l(dretinf.o)
    0x08009830   0x000000c4   Code   RO         1101    x$fpl$fadd          fz_ws.l(faddsub_clz.o)
    0x080098f4   0x00000184   Code   RO         1108    x$fpl$fdiv          fz_ws.l(fdiv.o)
    0x08009a78   0x0000003e   Code   RO         1111    x$fpl$ffixu         fz_ws.l(ffixu.o)
    0x08009ab6   0x00000002   PAD
    0x08009ab8   0x00000026   Code   RO         1115    x$fpl$ffltu         fz_ws.l(fflt_clz.o)
    0x08009ade   0x00000002   PAD
    0x08009ae0   0x00000102   Code   RO         1121    x$fpl$fmul          fz_ws.l(fmul.o)
    0x08009be2   0x0000008c   Code   RO         1190    x$fpl$fnaninf       fz_ws.l(fnaninf.o)
    0x08009c6e   0x0000000a   Code   RO         1192    x$fpl$fretinf       fz_ws.l(fretinf.o)
    0x08009c78   0x00000110   Code   RO         1194    x$fpl$fsqrt         fz_ws.l(fsqrt.o)
    0x08009d88   0x000000ea   Code   RO         1103    x$fpl$fsub          fz_ws.l(faddsub_clz.o)
    0x08009e72   0x00000000   Code   RO         1196    x$fpl$usenofp       fz_ws.l(usenofp.o)
    0x08009e72   0x000017c0   Data   RO          237    .constdata          lcd.o
    0x0800b632   0x00000800   Data   RO          978    .constdata          arm_cortexM3l_math.lib(arm_common_tables.o)
    0x0800be32   0x00000002   PAD
    0x0800be34   0x00008000   Data   RO          987    .constdata          arm_cortexM3l_math.lib(arm_common_tables.o)
    0x08013e34   0x00000028   Data   RO         1041    .constdata          c_w.l(_printf_hex_int.o)
    0x08013e5c   0x00000020   Data   RO         1312    Region$$Table       anon$$obj.o


    Execution Region RW_IRAM1 (Base: 0x20000000, Size: 0x000018a8, Max: 0x0000c000, ABSOLUTE)

    Base Addr    Size         Type   Attr      Idx    E Section Name        Object

    0x20000000   0x00000005   Data   RW            5    .data               main.o
    0x20000005   0x00000003   PAD
    0x20000008   0x00000014   Data   RW          210    .data               system_stm32f10x.o
    0x2000001c   0x00000004   Data   RW          238    .data               lcd.o
    0x20000020   0x00000002   Data   RW          294    .data               adc.o
    0x20000022   0x00000014   Data   RW          654    .data               stm32f10x_rcc.o
    0x20000036   0x00000004   Data   RW          796    .data               delay.o
    0x2000003a   0x00000002   PAD
    0x2000003c   0x00000006   Data   RW          843    .data               usart.o
    0x20000042   0x00000002   PAD
    0x20000044   0x00001046   Zero   RW            4    .bss                main.o
    0x2000108a   0x0000000e   Zero   RW          236    .bss                lcd.o
    0x20001098   0x000000c8   Zero   RW          842    .bss                usart.o
    0x20001160   0x000000e4   Zero   RW         1082    .bss                c_w.l(rand.o)
    0x20001244   0x00000060   Zero   RW         1228    .bss                c_w.l(libspace.o)
    0x200012a4   0x00000004   PAD
    0x200012a8   0x00000200   Zero   RW          325    HEAP                startup_stm32f10x_hd.o
    0x200014a8   0x00000400   Zero   RW          324    STACK               startup_stm32f10x_hd.o


==============================================================================

Image component sizes


      Code (inc. data)   RO Data    RW Data    ZI Data      Debug   Object Name

       388         16          0          2          0       2140   adc.o
       212         18          0          4          0       1075   delay.o
     22598        208       6080          4         14      24495   lcd.o
        80          8          0          0          0        523   led.o
       720         52          0          5       4166     288424   main.o
       220         22          0          0          0       1849   misc.o
        64         26        304          0       1536        816   startup_stm32f10x_hd.o
      1102         26          0          0          0      10885   stm32f10x_adc.o
       596          8          0          0          0       4378   stm32f10x_dma.o
       860         38          0          0          0       5697   stm32f10x_gpio.o
        26          0          0          0          0       1206   stm32f10x_it.o
       932         36          0         20          0       8896   stm32f10x_rcc.o
      3610         88          0          0          0      22180   stm32f10x_tim.o
      1032         22          0          0          0       8420   stm32f10x_usart.o
       480         38          0         20          0       1815   system_stm32f10x.o
       320         16          0          6        200       3214   usart.o

    ----------------------------------------------------------------------
     33248        622       6416         68       5916     386013   Object Totals
         0          0         32          0          0          0   (incl. Generated)
         8          0          0          7          0          0   (incl. Padding)

    ----------------------------------------------------------------------

      Code (inc. data)   RO Data    RW Data    ZI Data      Debug   Library Member Name

       482          0          0          0          0       2042   arm_bitreversal.o
      2868          0          0          0          0       4260   arm_cfft_radix4_f32.o
       168         26          0          0          0        711   arm_cfft_radix4_init_f32.o
       306          0          0          0          0      17828   arm_cmplx_mag_f32.o
         0          0      34816          0          0       2517   arm_common_tables.o
         8          0          0          0          0         68   __main.o
       104          0          0          0          0         84   __printf.o
         0          0          0          0          0          0   __rtentry.o
        12          0          0          0          0          0   __rtentry2.o
         6          0          0          0          0          0   __rtentry4.o
        52          8          0          0          0          0   __scatter.o
        26          0          0          0          0          0   __scatter_copy.o
        28          0          0          0          0          0   __scatter_zi.o
        48          6          0          0          0         96   _printf_char_common.o
        36          4          0          0          0         80   _printf_char_file.o
        88          4         40          0          0         88   _printf_hex_int.o
       178          0          0          0          0         88   _printf_intcommon.o
         0          0          0          0          0          0   _printf_percent.o
         4          0          0          0          0          0   _printf_percent_end.o
         6          0          0          0          0          0   _printf_x.o
        22          0          0          0          0        100   _rserrno.o
        12          0          0          0          0         72   exit.o
         8          0          0          0          0         68   ferror.o
         6          0          0          0          0        152   heapauxi.o
         2          0          0          0          0          0   libinit.o
         6          0          0          0          0          0   libinit2.o
         2          0          0          0          0          0   libshutdown.o
         2          0          0          0          0          0   libshutdown2.o
         8          4          0          0         96         68   libspace.o
        24          4          0          0          0         84   noretval__2printf.o
       112         18          0          0        228        160   rand.o
         8          4          0          0          0         68   rt_errno_addr_intlibspace.o
         2          0          0          0          0          0   rtexit.o
        10          0          0          0          0          0   rtexit2.o
        74          0          0          0          0         80   sys_stackheap_outer.o
         2          0          0          0          0         68   use_no_semi.o
         2          0          0          0          0         68   use_no_semi_2.o
        90          4          0          0          0         92   dfixu.o
        38          0          0          0          0         68   dflt_clz.o
       340         12          0          0          0        104   dmul.o
       156          4          0          0          0         92   dnaninf.o
        12          0          0          0          0         68   dretinf.o
       430          8          0          0          0        168   faddsub_clz.o
       388         76          0          0          0         96   fdiv.o
        62          4          0          0          0         84   ffixu.o
        38          0          0          0          0         68   fflt_clz.o
       258          4          0          0          0         84   fmul.o
       140          4          0          0          0         84   fnaninf.o
        10          0          0          0          0         68   fretinf.o
       272        100          0          0          0         88   fsqrt.o
         0          0          0          0          0          0   usenofp.o
        44          0          0          0          0         80   sqrtf.o

    ----------------------------------------------------------------------
      7010        294      34858          0        328      30094   Library Totals
        10          0          2          0          4          0   (incl. Padding)

    ----------------------------------------------------------------------

      Code (inc. data)   RO Data    RW Data    ZI Data      Debug   Library Name

      3824         26      34816          0          0      27358   arm_cortexM3l_math.lib
       898         52         40          0        324       1492   c_w.l
      2234        216          0          0          0       1164   fz_ws.l
        44          0          0          0          0         80   m_ws.l

    ----------------------------------------------------------------------
      7010        294      34858          0        328      30094   Library Totals

    ----------------------------------------------------------------------

==============================================================================


      Code (inc. data)   RO Data    RW Data    ZI Data      Debug   

     40258        916      41274         68       6244     412983   Grand Totals
     40258        916      41274         68       6244     412983   ELF Image Totals
     40258        916      41274         68          0          0   ROM Totals

==============================================================================

    Total RO  Size (Code + RO Data)                81532 (  79.62kB)
    Total RW  Size (RW Data + ZI Data)              6312 (   6.16kB)
    Total ROM Size (Code + RO Data + RW Data)      81600 (  79.69kB)

==============================================================================

